<html>
<body>
<pre>
<h1>礦ision Build Log</h1>
<h2>Tool Versions:</h2>
IDE-Version: μVision V5.23.0.0
Copyright (C) 2017 ARM Ltd and ARM Germany GmbH. All rights reserved.
License Information: shang junhui, heli, LIC=JL263-AYYHV-559T2-9Z979-5LI29-8ICGX
 
Tool Versions:
Toolchain:       MDK-ARM Plus  Version: 5.23
Toolchain Path:  F:\keil\ARM\ARMCC\Bin
C Compiler:      Armcc.exe V5.06 update 4 (build 422)
Assembler:       Armasm.exe V5.06 update 4 (build 422)
Linker/Locator:  ArmLink.exe V5.06 update 4 (build 422)
Library Manager: ArmAr.exe V5.06 update 4 (build 422)
Hex Converter:   FromElf.exe V5.06 update 4 (build 422)
CPU DLL:         SARMCM3.DLL V5.23
Dialog DLL:      DCM.DLL V1.15.0.0
Target DLL:      STLink\ST-LINKIII-KEIL_SWO.dll V2.0.18.0
Dialog DLL:      TCM.DLL V1.27.0.0
 
<h2>Project:</h2>
E:\keil\控制小车的函数\小车直行-PWM法-调试巡线-过路口\Project\Template.uvprojx
Project File Date:  03/04/2019

<h2>Output:</h2>
*** Using Compiler 'V5.06 update 4 (build 422)', folder: 'F:\keil\ARM\ARMCC\Bin'
Build target '两个电机旋转'
compiling bsp-gpio.c...
..\User\gpio\bsp-gpio.h(26): warning:  #1-D: last line of file ends without a newline
    
..\User\gpio\bsp-gpio.c: 1 warning, 0 errors
compiling main.c...
..\User\gpio\bsp-gpio.h(26): warning:  #1-D: last line of file ends without a newline
    
..\User\main.c(76): warning:  #111-D: statement is unreachable
  			if(i==5)
..\User\main.c: 2 warnings, 0 errors
linking...
Program Size: Code=3980 RO-data=336 RW-data=28 ZI-data=1028  
FromELF: creating hex file...
".\Objects\两个电机旋转.axf" - 0 Error(s), 3 Warning(s).

<h2>Collection of Component include folders:</h2>
  .\RTE\_____________
  F:\keil\Keil\STM32F1xx_DFP\1.1.0\Device\Include

<h2>Collection of Component Files used:</h2>
Build Time Elapsed:  00:00:02
</pre>
</body>
</html>
