<!doctype html public "-//w3c//dtd html 4.0 transitional//en">
<html><head>
<title>Static Call Graph - [.\Objects\∞·‘À.axf]</title></head>
<body><HR>
<H1>Static Call Graph for image .\Objects\∞·‘À.axf</H1><HR>
<BR><P>#&#060CALLGRAPH&#062# ARM Linker, 5060422: Last Updated: Sun Apr 21 16:45:22 2019
<BR><P>
<H3>Maximum Stack Usage =        116 bytes + Unknown(Cycles, Untraceable Function Pointers)</H3><H3>
Call chain for Maximum Stack Depth:</H3>
main &rArr; renwu2_h &rArr; h_zhuaqvpanduan &rArr; color &rArr; color3 &rArr; TCS230_Distinguish2 &rArr; TCS230_Read_Num2 &rArr; TCS230_Start2 &rArr; EXTI_PG2_Config_on &rArr; GPIO_EXTILineConfig
<P>
<H3>
Mutually Recursive functions
</H3> <LI><a href="#[1c]">ADC1_2_IRQHandler</a>&nbsp;&nbsp;&nbsp;&rArr;&nbsp;&nbsp;&nbsp;<a href="#[1c]">ADC1_2_IRQHandler</a><BR>
</UL>
<P>
<H3>
Function Pointers
</H3><UL>
 <LI><a href="#[1c]">ADC1_2_IRQHandler</a> from startup_stm32f10x_hd.o(.text) referenced from startup_stm32f10x_hd.o(RESET)
 <LI><a href="#[39]">ADC3_IRQHandler</a> from startup_stm32f10x_hd.o(.text) referenced from startup_stm32f10x_hd.o(RESET)
 <LI><a href="#[4]">BusFault_Handler</a> from stm32f10x_it.o(i.BusFault_Handler) referenced from startup_stm32f10x_hd.o(RESET)
 <LI><a href="#[1f]">CAN1_RX1_IRQHandler</a> from startup_stm32f10x_hd.o(.text) referenced from startup_stm32f10x_hd.o(RESET)
 <LI><a href="#[20]">CAN1_SCE_IRQHandler</a> from startup_stm32f10x_hd.o(.text) referenced from startup_stm32f10x_hd.o(RESET)
 <LI><a href="#[15]">DMA1_Channel1_IRQHandler</a> from startup_stm32f10x_hd.o(.text) referenced from startup_stm32f10x_hd.o(RESET)
 <LI><a href="#[16]">DMA1_Channel2_IRQHandler</a> from startup_stm32f10x_hd.o(.text) referenced from startup_stm32f10x_hd.o(RESET)
 <LI><a href="#[17]">DMA1_Channel3_IRQHandler</a> from startup_stm32f10x_hd.o(.text) referenced from startup_stm32f10x_hd.o(RESET)
 <LI><a href="#[18]">DMA1_Channel4_IRQHandler</a> from startup_stm32f10x_hd.o(.text) referenced from startup_stm32f10x_hd.o(RESET)
 <LI><a href="#[19]">DMA1_Channel5_IRQHandler</a> from startup_stm32f10x_hd.o(.text) referenced from startup_stm32f10x_hd.o(RESET)
 <LI><a href="#[1a]">DMA1_Channel6_IRQHandler</a> from startup_stm32f10x_hd.o(.text) referenced from startup_stm32f10x_hd.o(RESET)
 <LI><a href="#[1b]">DMA1_Channel7_IRQHandler</a> from startup_stm32f10x_hd.o(.text) referenced from startup_stm32f10x_hd.o(RESET)
 <LI><a href="#[42]">DMA2_Channel1_IRQHandler</a> from startup_stm32f10x_hd.o(.text) referenced from startup_stm32f10x_hd.o(RESET)
 <LI><a href="#[43]">DMA2_Channel2_IRQHandler</a> from startup_stm32f10x_hd.o(.text) referenced from startup_stm32f10x_hd.o(RESET)
 <LI><a href="#[44]">DMA2_Channel3_IRQHandler</a> from startup_stm32f10x_hd.o(.text) referenced from startup_stm32f10x_hd.o(RESET)
 <LI><a href="#[45]">DMA2_Channel4_5_IRQHandler</a> from startup_stm32f10x_hd.o(.text) referenced from startup_stm32f10x_hd.o(RESET)
 <LI><a href="#[7]">DebugMon_Handler</a> from stm32f10x_it.o(i.DebugMon_Handler) referenced from startup_stm32f10x_hd.o(RESET)
 <LI><a href="#[10]">EXTI0_IRQHandler</a> from startup_stm32f10x_hd.o(.text) referenced from startup_stm32f10x_hd.o(RESET)
 <LI><a href="#[32]">EXTI15_10_IRQHandler</a> from startup_stm32f10x_hd.o(.text) referenced from startup_stm32f10x_hd.o(RESET)
 <LI><a href="#[11]">EXTI1_IRQHandler</a> from startup_stm32f10x_hd.o(.text) referenced from startup_stm32f10x_hd.o(RESET)
 <LI><a href="#[12]">EXTI2_IRQHandler</a> from stm32f10x_it.o(i.EXTI2_IRQHandler) referenced from startup_stm32f10x_hd.o(RESET)
 <LI><a href="#[13]">EXTI3_IRQHandler</a> from startup_stm32f10x_hd.o(.text) referenced from startup_stm32f10x_hd.o(RESET)
 <LI><a href="#[14]">EXTI4_IRQHandler</a> from startup_stm32f10x_hd.o(.text) referenced from startup_stm32f10x_hd.o(RESET)
 <LI><a href="#[21]">EXTI9_5_IRQHandler</a> from startup_stm32f10x_hd.o(.text) referenced from startup_stm32f10x_hd.o(RESET)
 <LI><a href="#[e]">FLASH_IRQHandler</a> from startup_stm32f10x_hd.o(.text) referenced from startup_stm32f10x_hd.o(RESET)
 <LI><a href="#[3a]">FSMC_IRQHandler</a> from startup_stm32f10x_hd.o(.text) referenced from startup_stm32f10x_hd.o(RESET)
 <LI><a href="#[2]">HardFault_Handler</a> from stm32f10x_it.o(i.HardFault_Handler) referenced from startup_stm32f10x_hd.o(RESET)
 <LI><a href="#[2a]">I2C1_ER_IRQHandler</a> from startup_stm32f10x_hd.o(.text) referenced from startup_stm32f10x_hd.o(RESET)
 <LI><a href="#[29]">I2C1_EV_IRQHandler</a> from startup_stm32f10x_hd.o(.text) referenced from startup_stm32f10x_hd.o(RESET)
 <LI><a href="#[2c]">I2C2_ER_IRQHandler</a> from startup_stm32f10x_hd.o(.text) referenced from startup_stm32f10x_hd.o(RESET)
 <LI><a href="#[2b]">I2C2_EV_IRQHandler</a> from startup_stm32f10x_hd.o(.text) referenced from startup_stm32f10x_hd.o(RESET)
 <LI><a href="#[3]">MemManage_Handler</a> from stm32f10x_it.o(i.MemManage_Handler) referenced from startup_stm32f10x_hd.o(RESET)
 <LI><a href="#[1]">NMI_Handler</a> from stm32f10x_it.o(i.NMI_Handler) referenced from startup_stm32f10x_hd.o(RESET)
 <LI><a href="#[b]">PVD_IRQHandler</a> from startup_stm32f10x_hd.o(.text) referenced from startup_stm32f10x_hd.o(RESET)
 <LI><a href="#[8]">PendSV_Handler</a> from stm32f10x_it.o(i.PendSV_Handler) referenced from startup_stm32f10x_hd.o(RESET)
 <LI><a href="#[f]">RCC_IRQHandler</a> from startup_stm32f10x_hd.o(.text) referenced from startup_stm32f10x_hd.o(RESET)
 <LI><a href="#[33]">RTCAlarm_IRQHandler</a> from startup_stm32f10x_hd.o(.text) referenced from startup_stm32f10x_hd.o(RESET)
 <LI><a href="#[d]">RTC_IRQHandler</a> from startup_stm32f10x_hd.o(.text) referenced from startup_stm32f10x_hd.o(RESET)
 <LI><a href="#[0]">Reset_Handler</a> from startup_stm32f10x_hd.o(.text) referenced from startup_stm32f10x_hd.o(RESET)
 <LI><a href="#[3b]">SDIO_IRQHandler</a> from startup_stm32f10x_hd.o(.text) referenced from startup_stm32f10x_hd.o(RESET)
 <LI><a href="#[2d]">SPI1_IRQHandler</a> from startup_stm32f10x_hd.o(.text) referenced from startup_stm32f10x_hd.o(RESET)
 <LI><a href="#[2e]">SPI2_IRQHandler</a> from startup_stm32f10x_hd.o(.text) referenced from startup_stm32f10x_hd.o(RESET)
 <LI><a href="#[3d]">SPI3_IRQHandler</a> from startup_stm32f10x_hd.o(.text) referenced from startup_stm32f10x_hd.o(RESET)
 <LI><a href="#[6]">SVC_Handler</a> from stm32f10x_it.o(i.SVC_Handler) referenced from startup_stm32f10x_hd.o(RESET)
 <LI><a href="#[9]">SysTick_Handler</a> from stm32f10x_it.o(i.SysTick_Handler) referenced from startup_stm32f10x_hd.o(RESET)
 <LI><a href="#[47]">SystemInit</a> from system_stm32f10x.o(i.SystemInit) referenced from startup_stm32f10x_hd.o(.text)
 <LI><a href="#[c]">TAMPER_IRQHandler</a> from startup_stm32f10x_hd.o(.text) referenced from startup_stm32f10x_hd.o(RESET)
 <LI><a href="#[22]">TIM1_BRK_IRQHandler</a> from startup_stm32f10x_hd.o(.text) referenced from startup_stm32f10x_hd.o(RESET)
 <LI><a href="#[25]">TIM1_CC_IRQHandler</a> from startup_stm32f10x_hd.o(.text) referenced from startup_stm32f10x_hd.o(RESET)
 <LI><a href="#[24]">TIM1_TRG_COM_IRQHandler</a> from startup_stm32f10x_hd.o(.text) referenced from startup_stm32f10x_hd.o(RESET)
 <LI><a href="#[23]">TIM1_UP_IRQHandler</a> from startup_stm32f10x_hd.o(.text) referenced from startup_stm32f10x_hd.o(RESET)
 <LI><a href="#[26]">TIM2_IRQHandler</a> from stm32f10x_it.o(i.TIM2_IRQHandler) referenced from startup_stm32f10x_hd.o(RESET)
 <LI><a href="#[27]">TIM3_IRQHandler</a> from startup_stm32f10x_hd.o(.text) referenced from startup_stm32f10x_hd.o(RESET)
 <LI><a href="#[28]">TIM4_IRQHandler</a> from startup_stm32f10x_hd.o(.text) referenced from startup_stm32f10x_hd.o(RESET)
 <LI><a href="#[3c]">TIM5_IRQHandler</a> from startup_stm32f10x_hd.o(.text) referenced from startup_stm32f10x_hd.o(RESET)
 <LI><a href="#[40]">TIM6_IRQHandler</a> from startup_stm32f10x_hd.o(.text) referenced from startup_stm32f10x_hd.o(RESET)
 <LI><a href="#[41]">TIM7_IRQHandler</a> from startup_stm32f10x_hd.o(.text) referenced from startup_stm32f10x_hd.o(RESET)
 <LI><a href="#[35]">TIM8_BRK_IRQHandler</a> from startup_stm32f10x_hd.o(.text) referenced from startup_stm32f10x_hd.o(RESET)
 <LI><a href="#[38]">TIM8_CC_IRQHandler</a> from startup_stm32f10x_hd.o(.text) referenced from startup_stm32f10x_hd.o(RESET)
 <LI><a href="#[37]">TIM8_TRG_COM_IRQHandler</a> from startup_stm32f10x_hd.o(.text) referenced from startup_stm32f10x_hd.o(RESET)
 <LI><a href="#[36]">TIM8_UP_IRQHandler</a> from startup_stm32f10x_hd.o(.text) referenced from startup_stm32f10x_hd.o(RESET)
 <LI><a href="#[3e]">UART4_IRQHandler</a> from startup_stm32f10x_hd.o(.text) referenced from startup_stm32f10x_hd.o(RESET)
 <LI><a href="#[3f]">UART5_IRQHandler</a> from startup_stm32f10x_hd.o(.text) referenced from startup_stm32f10x_hd.o(RESET)
 <LI><a href="#[2f]">USART1_IRQHandler</a> from startup_stm32f10x_hd.o(.text) referenced from startup_stm32f10x_hd.o(RESET)
 <LI><a href="#[30]">USART2_IRQHandler</a> from startup_stm32f10x_hd.o(.text) referenced from startup_stm32f10x_hd.o(RESET)
 <LI><a href="#[31]">USART3_IRQHandler</a> from startup_stm32f10x_hd.o(.text) referenced from startup_stm32f10x_hd.o(RESET)
 <LI><a href="#[34]">USBWakeUp_IRQHandler</a> from startup_stm32f10x_hd.o(.text) referenced from startup_stm32f10x_hd.o(RESET)
 <LI><a href="#[1d]">USB_HP_CAN1_TX_IRQHandler</a> from startup_stm32f10x_hd.o(.text) referenced from startup_stm32f10x_hd.o(RESET)
 <LI><a href="#[1e]">USB_LP_CAN1_RX0_IRQHandler</a> from startup_stm32f10x_hd.o(.text) referenced from startup_stm32f10x_hd.o(RESET)
 <LI><a href="#[5]">UsageFault_Handler</a> from stm32f10x_it.o(i.UsageFault_Handler) referenced from startup_stm32f10x_hd.o(RESET)
 <LI><a href="#[a]">WWDG_IRQHandler</a> from startup_stm32f10x_hd.o(.text) referenced from startup_stm32f10x_hd.o(RESET)
 <LI><a href="#[48]">__main</a> from entry.o(.ARM.Collect$$$$00000000) referenced from startup_stm32f10x_hd.o(.text)
 <LI><a href="#[49]">fputc</a> from usart.o(i.fputc) referenced from printf1.o(i.__0printf$1)
 <LI><a href="#[46]">main</a> from main.o(i.main) referenced from entry9a.o(.ARM.Collect$$$$0000000B)
</UL>
<P>
<H3>
Global Symbols
</H3>
<P><STRONG><a name="[48]"></a>__main</STRONG> (Thumb, 0 bytes, Stack size unknown bytes, entry.o(.ARM.Collect$$$$00000000))
<BR>[Address Reference Count : 1]<UL><LI> startup_stm32f10x_hd.o(.text)
</UL>
<P><STRONG><a name="[104]"></a>_main_stk</STRONG> (Thumb, 0 bytes, Stack size unknown bytes, entry2.o(.ARM.Collect$$$$00000001))

<P><STRONG><a name="[4a]"></a>_main_scatterload</STRONG> (Thumb, 0 bytes, Stack size unknown bytes, entry5.o(.ARM.Collect$$$$00000004))
<BR><BR>[Calls]<UL><LI><a href="#[4b]">&gt;&gt;</a>&nbsp;&nbsp;&nbsp;__scatterload
</UL>

<P><STRONG><a name="[4c]"></a>__main_after_scatterload</STRONG> (Thumb, 0 bytes, Stack size unknown bytes, entry5.o(.ARM.Collect$$$$00000004))
<BR><BR>[Called By]<UL><LI><a href="#[4b]">&gt;&gt;</a>&nbsp;&nbsp;&nbsp;__scatterload
</UL>

<P><STRONG><a name="[105]"></a>_main_clock</STRONG> (Thumb, 0 bytes, Stack size unknown bytes, entry7b.o(.ARM.Collect$$$$00000008))

<P><STRONG><a name="[106]"></a>_main_cpp_init</STRONG> (Thumb, 0 bytes, Stack size unknown bytes, entry8b.o(.ARM.Collect$$$$0000000A))

<P><STRONG><a name="[107]"></a>_main_init</STRONG> (Thumb, 0 bytes, Stack size unknown bytes, entry9a.o(.ARM.Collect$$$$0000000B))

<P><STRONG><a name="[108]"></a>__rt_final_cpp</STRONG> (Thumb, 0 bytes, Stack size unknown bytes, entry10a.o(.ARM.Collect$$$$0000000D))

<P><STRONG><a name="[109]"></a>__rt_final_exit</STRONG> (Thumb, 0 bytes, Stack size unknown bytes, entry11a.o(.ARM.Collect$$$$0000000F))

<P><STRONG><a name="[0]"></a>Reset_Handler</STRONG> (Thumb, 8 bytes, Stack size 0 bytes, startup_stm32f10x_hd.o(.text))
<BR>[Address Reference Count : 1]<UL><LI> startup_stm32f10x_hd.o(RESET)
</UL>
<P><STRONG><a name="[1c]"></a>ADC1_2_IRQHandler</STRONG> (Thumb, 0 bytes, Stack size 0 bytes, startup_stm32f10x_hd.o(.text))
<BR><BR>[Calls]<UL><LI><a href="#[1c]">&gt;&gt;</a>&nbsp;&nbsp;&nbsp;ADC1_2_IRQHandler
</UL>
<BR>[Called By]<UL><LI><a href="#[1c]">&gt;&gt;</a>&nbsp;&nbsp;&nbsp;ADC1_2_IRQHandler
</UL>
<BR>[Address Reference Count : 1]<UL><LI> startup_stm32f10x_hd.o(RESET)
</UL>
<P><STRONG><a name="[39]"></a>ADC3_IRQHandler</STRONG> (Thumb, 0 bytes, Stack size 0 bytes, startup_stm32f10x_hd.o(.text))
<BR>[Address Reference Count : 1]<UL><LI> startup_stm32f10x_hd.o(RESET)
</UL>
<P><STRONG><a name="[1f]"></a>CAN1_RX1_IRQHandler</STRONG> (Thumb, 0 bytes, Stack size 0 bytes, startup_stm32f10x_hd.o(.text))
<BR>[Address Reference Count : 1]<UL><LI> startup_stm32f10x_hd.o(RESET)
</UL>
<P><STRONG><a name="[20]"></a>CAN1_SCE_IRQHandler</STRONG> (Thumb, 0 bytes, Stack size 0 bytes, startup_stm32f10x_hd.o(.text))
<BR>[Address Reference Count : 1]<UL><LI> startup_stm32f10x_hd.o(RESET)
</UL>
<P><STRONG><a name="[15]"></a>DMA1_Channel1_IRQHandler</STRONG> (Thumb, 0 bytes, Stack size 0 bytes, startup_stm32f10x_hd.o(.text))
<BR>[Address Reference Count : 1]<UL><LI> startup_stm32f10x_hd.o(RESET)
</UL>
<P><STRONG><a name="[16]"></a>DMA1_Channel2_IRQHandler</STRONG> (Thumb, 0 bytes, Stack size 0 bytes, startup_stm32f10x_hd.o(.text))
<BR>[Address Reference Count : 1]<UL><LI> startup_stm32f10x_hd.o(RESET)
</UL>
<P><STRONG><a name="[17]"></a>DMA1_Channel3_IRQHandler</STRONG> (Thumb, 0 bytes, Stack size 0 bytes, startup_stm32f10x_hd.o(.text))
<BR>[Address Reference Count : 1]<UL><LI> startup_stm32f10x_hd.o(RESET)
</UL>
<P><STRONG><a name="[18]"></a>DMA1_Channel4_IRQHandler</STRONG> (Thumb, 0 bytes, Stack size 0 bytes, startup_stm32f10x_hd.o(.text))
<BR>[Address Reference Count : 1]<UL><LI> startup_stm32f10x_hd.o(RESET)
</UL>
<P><STRONG><a name="[19]"></a>DMA1_Channel5_IRQHandler</STRONG> (Thumb, 0 bytes, Stack size 0 bytes, startup_stm32f10x_hd.o(.text))
<BR>[Address Reference Count : 1]<UL><LI> startup_stm32f10x_hd.o(RESET)
</UL>
<P><STRONG><a name="[1a]"></a>DMA1_Channel6_IRQHandler</STRONG> (Thumb, 0 bytes, Stack size 0 bytes, startup_stm32f10x_hd.o(.text))
<BR>[Address Reference Count : 1]<UL><LI> startup_stm32f10x_hd.o(RESET)
</UL>
<P><STRONG><a name="[1b]"></a>DMA1_Channel7_IRQHandler</STRONG> (Thumb, 0 bytes, Stack size 0 bytes, startup_stm32f10x_hd.o(.text))
<BR>[Address Reference Count : 1]<UL><LI> startup_stm32f10x_hd.o(RESET)
</UL>
<P><STRONG><a name="[42]"></a>DMA2_Channel1_IRQHandler</STRONG> (Thumb, 0 bytes, Stack size 0 bytes, startup_stm32f10x_hd.o(.text))
<BR>[Address Reference Count : 1]<UL><LI> startup_stm32f10x_hd.o(RESET)
</UL>
<P><STRONG><a name="[43]"></a>DMA2_Channel2_IRQHandler</STRONG> (Thumb, 0 bytes, Stack size 0 bytes, startup_stm32f10x_hd.o(.text))
<BR>[Address Reference Count : 1]<UL><LI> startup_stm32f10x_hd.o(RESET)
</UL>
<P><STRONG><a name="[44]"></a>DMA2_Channel3_IRQHandler</STRONG> (Thumb, 0 bytes, Stack size 0 bytes, startup_stm32f10x_hd.o(.text))
<BR>[Address Reference Count : 1]<UL><LI> startup_stm32f10x_hd.o(RESET)
</UL>
<P><STRONG><a name="[45]"></a>DMA2_Channel4_5_IRQHandler</STRONG> (Thumb, 0 bytes, Stack size 0 bytes, startup_stm32f10x_hd.o(.text))
<BR>[Address Reference Count : 1]<UL><LI> startup_stm32f10x_hd.o(RESET)
</UL>
<P><STRONG><a name="[10]"></a>EXTI0_IRQHandler</STRONG> (Thumb, 0 bytes, Stack size 0 bytes, startup_stm32f10x_hd.o(.text))
<BR>[Address Reference Count : 1]<UL><LI> startup_stm32f10x_hd.o(RESET)
</UL>
<P><STRONG><a name="[32]"></a>EXTI15_10_IRQHandler</STRONG> (Thumb, 0 bytes, Stack size 0 bytes, startup_stm32f10x_hd.o(.text))
<BR>[Address Reference Count : 1]<UL><LI> startup_stm32f10x_hd.o(RESET)
</UL>
<P><STRONG><a name="[11]"></a>EXTI1_IRQHandler</STRONG> (Thumb, 0 bytes, Stack size 0 bytes, startup_stm32f10x_hd.o(.text))
<BR>[Address Reference Count : 1]<UL><LI> startup_stm32f10x_hd.o(RESET)
</UL>
<P><STRONG><a name="[13]"></a>EXTI3_IRQHandler</STRONG> (Thumb, 0 bytes, Stack size 0 bytes, startup_stm32f10x_hd.o(.text))
<BR>[Address Reference Count : 1]<UL><LI> startup_stm32f10x_hd.o(RESET)
</UL>
<P><STRONG><a name="[14]"></a>EXTI4_IRQHandler</STRONG> (Thumb, 0 bytes, Stack size 0 bytes, startup_stm32f10x_hd.o(.text))
<BR>[Address Reference Count : 1]<UL><LI> startup_stm32f10x_hd.o(RESET)
</UL>
<P><STRONG><a name="[21]"></a>EXTI9_5_IRQHandler</STRONG> (Thumb, 0 bytes, Stack size 0 bytes, startup_stm32f10x_hd.o(.text))
<BR>[Address Reference Count : 1]<UL><LI> startup_stm32f10x_hd.o(RESET)
</UL>
<P><STRONG><a name="[e]"></a>FLASH_IRQHandler</STRONG> (Thumb, 0 bytes, Stack size 0 bytes, startup_stm32f10x_hd.o(.text))
<BR>[Address Reference Count : 1]<UL><LI> startup_stm32f10x_hd.o(RESET)
</UL>
<P><STRONG><a name="[3a]"></a>FSMC_IRQHandler</STRONG> (Thumb, 0 bytes, Stack size 0 bytes, startup_stm32f10x_hd.o(.text))
<BR>[Address Reference Count : 1]<UL><LI> startup_stm32f10x_hd.o(RESET)
</UL>
<P><STRONG><a name="[2a]"></a>I2C1_ER_IRQHandler</STRONG> (Thumb, 0 bytes, Stack size 0 bytes, startup_stm32f10x_hd.o(.text))
<BR>[Address Reference Count : 1]<UL><LI> startup_stm32f10x_hd.o(RESET)
</UL>
<P><STRONG><a name="[29]"></a>I2C1_EV_IRQHandler</STRONG> (Thumb, 0 bytes, Stack size 0 bytes, startup_stm32f10x_hd.o(.text))
<BR>[Address Reference Count : 1]<UL><LI> startup_stm32f10x_hd.o(RESET)
</UL>
<P><STRONG><a name="[2c]"></a>I2C2_ER_IRQHandler</STRONG> (Thumb, 0 bytes, Stack size 0 bytes, startup_stm32f10x_hd.o(.text))
<BR>[Address Reference Count : 1]<UL><LI> startup_stm32f10x_hd.o(RESET)
</UL>
<P><STRONG><a name="[2b]"></a>I2C2_EV_IRQHandler</STRONG> (Thumb, 0 bytes, Stack size 0 bytes, startup_stm32f10x_hd.o(.text))
<BR>[Address Reference Count : 1]<UL><LI> startup_stm32f10x_hd.o(RESET)
</UL>
<P><STRONG><a name="[b]"></a>PVD_IRQHandler</STRONG> (Thumb, 0 bytes, Stack size 0 bytes, startup_stm32f10x_hd.o(.text))
<BR>[Address Reference Count : 1]<UL><LI> startup_stm32f10x_hd.o(RESET)
</UL>
<P><STRONG><a name="[f]"></a>RCC_IRQHandler</STRONG> (Thumb, 0 bytes, Stack size 0 bytes, startup_stm32f10x_hd.o(.text))
<BR>[Address Reference Count : 1]<UL><LI> startup_stm32f10x_hd.o(RESET)
</UL>
<P><STRONG><a name="[33]"></a>RTCAlarm_IRQHandler</STRONG> (Thumb, 0 bytes, Stack size 0 bytes, startup_stm32f10x_hd.o(.text))
<BR>[Address Reference Count : 1]<UL><LI> startup_stm32f10x_hd.o(RESET)
</UL>
<P><STRONG><a name="[d]"></a>RTC_IRQHandler</STRONG> (Thumb, 0 bytes, Stack size 0 bytes, startup_stm32f10x_hd.o(.text))
<BR>[Address Reference Count : 1]<UL><LI> startup_stm32f10x_hd.o(RESET)
</UL>
<P><STRONG><a name="[3b]"></a>SDIO_IRQHandler</STRONG> (Thumb, 0 bytes, Stack size 0 bytes, startup_stm32f10x_hd.o(.text))
<BR>[Address Reference Count : 1]<UL><LI> startup_stm32f10x_hd.o(RESET)
</UL>
<P><STRONG><a name="[2d]"></a>SPI1_IRQHandler</STRONG> (Thumb, 0 bytes, Stack size 0 bytes, startup_stm32f10x_hd.o(.text))
<BR>[Address Reference Count : 1]<UL><LI> startup_stm32f10x_hd.o(RESET)
</UL>
<P><STRONG><a name="[2e]"></a>SPI2_IRQHandler</STRONG> (Thumb, 0 bytes, Stack size 0 bytes, startup_stm32f10x_hd.o(.text))
<BR>[Address Reference Count : 1]<UL><LI> startup_stm32f10x_hd.o(RESET)
</UL>
<P><STRONG><a name="[3d]"></a>SPI3_IRQHandler</STRONG> (Thumb, 0 bytes, Stack size 0 bytes, startup_stm32f10x_hd.o(.text))
<BR>[Address Reference Count : 1]<UL><LI> startup_stm32f10x_hd.o(RESET)
</UL>
<P><STRONG><a name="[c]"></a>TAMPER_IRQHandler</STRONG> (Thumb, 0 bytes, Stack size 0 bytes, startup_stm32f10x_hd.o(.text))
<BR>[Address Reference Count : 1]<UL><LI> startup_stm32f10x_hd.o(RESET)
</UL>
<P><STRONG><a name="[22]"></a>TIM1_BRK_IRQHandler</STRONG> (Thumb, 0 bytes, Stack size 0 bytes, startup_stm32f10x_hd.o(.text))
<BR>[Address Reference Count : 1]<UL><LI> startup_stm32f10x_hd.o(RESET)
</UL>
<P><STRONG><a name="[25]"></a>TIM1_CC_IRQHandler</STRONG> (Thumb, 0 bytes, Stack size 0 bytes, startup_stm32f10x_hd.o(.text))
<BR>[Address Reference Count : 1]<UL><LI> startup_stm32f10x_hd.o(RESET)
</UL>
<P><STRONG><a name="[24]"></a>TIM1_TRG_COM_IRQHandler</STRONG> (Thumb, 0 bytes, Stack size 0 bytes, startup_stm32f10x_hd.o(.text))
<BR>[Address Reference Count : 1]<UL><LI> startup_stm32f10x_hd.o(RESET)
</UL>
<P><STRONG><a name="[23]"></a>TIM1_UP_IRQHandler</STRONG> (Thumb, 0 bytes, Stack size 0 bytes, startup_stm32f10x_hd.o(.text))
<BR>[Address Reference Count : 1]<UL><LI> startup_stm32f10x_hd.o(RESET)
</UL>
<P><STRONG><a name="[27]"></a>TIM3_IRQHandler</STRONG> (Thumb, 0 bytes, Stack size 0 bytes, startup_stm32f10x_hd.o(.text))
<BR>[Address Reference Count : 1]<UL><LI> startup_stm32f10x_hd.o(RESET)
</UL>
<P><STRONG><a name="[28]"></a>TIM4_IRQHandler</STRONG> (Thumb, 0 bytes, Stack size 0 bytes, startup_stm32f10x_hd.o(.text))
<BR>[Address Reference Count : 1]<UL><LI> startup_stm32f10x_hd.o(RESET)
</UL>
<P><STRONG><a name="[3c]"></a>TIM5_IRQHandler</STRONG> (Thumb, 0 bytes, Stack size 0 bytes, startup_stm32f10x_hd.o(.text))
<BR>[Address Reference Count : 1]<UL><LI> startup_stm32f10x_hd.o(RESET)
</UL>
<P><STRONG><a name="[40]"></a>TIM6_IRQHandler</STRONG> (Thumb, 0 bytes, Stack size 0 bytes, startup_stm32f10x_hd.o(.text))
<BR>[Address Reference Count : 1]<UL><LI> startup_stm32f10x_hd.o(RESET)
</UL>
<P><STRONG><a name="[41]"></a>TIM7_IRQHandler</STRONG> (Thumb, 0 bytes, Stack size 0 bytes, startup_stm32f10x_hd.o(.text))
<BR>[Address Reference Count : 1]<UL><LI> startup_stm32f10x_hd.o(RESET)
</UL>
<P><STRONG><a name="[35]"></a>TIM8_BRK_IRQHandler</STRONG> (Thumb, 0 bytes, Stack size 0 bytes, startup_stm32f10x_hd.o(.text))
<BR>[Address Reference Count : 1]<UL><LI> startup_stm32f10x_hd.o(RESET)
</UL>
<P><STRONG><a name="[38]"></a>TIM8_CC_IRQHandler</STRONG> (Thumb, 0 bytes, Stack size 0 bytes, startup_stm32f10x_hd.o(.text))
<BR>[Address Reference Count : 1]<UL><LI> startup_stm32f10x_hd.o(RESET)
</UL>
<P><STRONG><a name="[37]"></a>TIM8_TRG_COM_IRQHandler</STRONG> (Thumb, 0 bytes, Stack size 0 bytes, startup_stm32f10x_hd.o(.text))
<BR>[Address Reference Count : 1]<UL><LI> startup_stm32f10x_hd.o(RESET)
</UL>
<P><STRONG><a name="[36]"></a>TIM8_UP_IRQHandler</STRONG> (Thumb, 0 bytes, Stack size 0 bytes, startup_stm32f10x_hd.o(.text))
<BR>[Address Reference Count : 1]<UL><LI> startup_stm32f10x_hd.o(RESET)
</UL>
<P><STRONG><a name="[3e]"></a>UART4_IRQHandler</STRONG> (Thumb, 0 bytes, Stack size 0 bytes, startup_stm32f10x_hd.o(.text))
<BR>[Address Reference Count : 1]<UL><LI> startup_stm32f10x_hd.o(RESET)
</UL>
<P><STRONG><a name="[3f]"></a>UART5_IRQHandler</STRONG> (Thumb, 0 bytes, Stack size 0 bytes, startup_stm32f10x_hd.o(.text))
<BR>[Address Reference Count : 1]<UL><LI> startup_stm32f10x_hd.o(RESET)
</UL>
<P><STRONG><a name="[2f]"></a>USART1_IRQHandler</STRONG> (Thumb, 0 bytes, Stack size 0 bytes, startup_stm32f10x_hd.o(.text))
<BR>[Address Reference Count : 1]<UL><LI> startup_stm32f10x_hd.o(RESET)
</UL>
<P><STRONG><a name="[30]"></a>USART2_IRQHandler</STRONG> (Thumb, 0 bytes, Stack size 0 bytes, startup_stm32f10x_hd.o(.text))
<BR>[Address Reference Count : 1]<UL><LI> startup_stm32f10x_hd.o(RESET)
</UL>
<P><STRONG><a name="[31]"></a>USART3_IRQHandler</STRONG> (Thumb, 0 bytes, Stack size 0 bytes, startup_stm32f10x_hd.o(.text))
<BR>[Address Reference Count : 1]<UL><LI> startup_stm32f10x_hd.o(RESET)
</UL>
<P><STRONG><a name="[34]"></a>USBWakeUp_IRQHandler</STRONG> (Thumb, 0 bytes, Stack size 0 bytes, startup_stm32f10x_hd.o(.text))
<BR>[Address Reference Count : 1]<UL><LI> startup_stm32f10x_hd.o(RESET)
</UL>
<P><STRONG><a name="[1d]"></a>USB_HP_CAN1_TX_IRQHandler</STRONG> (Thumb, 0 bytes, Stack size 0 bytes, startup_stm32f10x_hd.o(.text))
<BR>[Address Reference Count : 1]<UL><LI> startup_stm32f10x_hd.o(RESET)
</UL>
<P><STRONG><a name="[1e]"></a>USB_LP_CAN1_RX0_IRQHandler</STRONG> (Thumb, 0 bytes, Stack size 0 bytes, startup_stm32f10x_hd.o(.text))
<BR>[Address Reference Count : 1]<UL><LI> startup_stm32f10x_hd.o(RESET)
</UL>
<P><STRONG><a name="[a]"></a>WWDG_IRQHandler</STRONG> (Thumb, 0 bytes, Stack size 0 bytes, startup_stm32f10x_hd.o(.text))
<BR>[Address Reference Count : 1]<UL><LI> startup_stm32f10x_hd.o(RESET)
</UL>
<P><STRONG><a name="[10a]"></a>__aeabi_uidiv</STRONG> (Thumb, 0 bytes, Stack size 12 bytes, uidiv.o(.text), UNUSED)

<P><STRONG><a name="[8f]"></a>__aeabi_uidivmod</STRONG> (Thumb, 44 bytes, Stack size 12 bytes, uidiv.o(.text), UNUSED)
<BR><BR>[Called By]<UL><LI><a href="#[8e]">&gt;&gt;</a>&nbsp;&nbsp;&nbsp;_printf_core
</UL>

<P><STRONG><a name="[4b]"></a>__scatterload</STRONG> (Thumb, 28 bytes, Stack size 0 bytes, init.o(.text))
<BR><BR>[Calls]<UL><LI><a href="#[4c]">&gt;&gt;</a>&nbsp;&nbsp;&nbsp;__main_after_scatterload
</UL>
<BR>[Called By]<UL><LI><a href="#[4a]">&gt;&gt;</a>&nbsp;&nbsp;&nbsp;_main_scatterload
</UL>

<P><STRONG><a name="[10b]"></a>__scatterload_rt2</STRONG> (Thumb, 0 bytes, Stack size 0 bytes, init.o(.text), UNUSED)

<P><STRONG><a name="[4]"></a>BusFault_Handler</STRONG> (Thumb, 4 bytes, Stack size 0 bytes, stm32f10x_it.o(i.BusFault_Handler))
<BR>[Address Reference Count : 1]<UL><LI> startup_stm32f10x_hd.o(RESET)
</UL>
<P><STRONG><a name="[4d]"></a>Color2_GPIO_Config</STRONG> (Thumb, 40 bytes, Stack size 8 bytes, color.o(i.Color2_GPIO_Config))
<BR><BR>[Stack]<UL><LI>Max Depth = 32<LI>Call Chain = Color2_GPIO_Config &rArr; GPIO_Init
</UL>
<BR>[Calls]<UL><LI><a href="#[4f]">&gt;&gt;</a>&nbsp;&nbsp;&nbsp;GPIO_Init
<LI><a href="#[4e]">&gt;&gt;</a>&nbsp;&nbsp;&nbsp;RCC_APB2PeriphClockCmd
</UL>
<BR>[Called By]<UL><LI><a href="#[cc]">&gt;&gt;</a>&nbsp;&nbsp;&nbsp;color_a
<LI><a href="#[cb]">&gt;&gt;</a>&nbsp;&nbsp;&nbsp;color_Init
</UL>

<P><STRONG><a name="[80]"></a>Colour2_Config</STRONG> (Thumb, 64 bytes, Stack size 0 bytes, color.o(i.Colour2_Config))
<BR><BR>[Called By]<UL><LI><a href="#[7e]">&gt;&gt;</a>&nbsp;&nbsp;&nbsp;TCS230_Read_Num2
</UL>

<P><STRONG><a name="[7]"></a>DebugMon_Handler</STRONG> (Thumb, 2 bytes, Stack size 0 bytes, stm32f10x_it.o(i.DebugMon_Handler))
<BR>[Address Reference Count : 1]<UL><LI> startup_stm32f10x_hd.o(RESET)
</UL>
<P><STRONG><a name="[12]"></a>EXTI2_IRQHandler</STRONG> (Thumb, 28 bytes, Stack size 8 bytes, stm32f10x_it.o(i.EXTI2_IRQHandler))
<BR><BR>[Stack]<UL><LI>Max Depth = 8<LI>Call Chain = EXTI2_IRQHandler
</UL>
<BR>[Calls]<UL><LI><a href="#[50]">&gt;&gt;</a>&nbsp;&nbsp;&nbsp;EXTI_GetITStatus
<LI><a href="#[51]">&gt;&gt;</a>&nbsp;&nbsp;&nbsp;EXTI_ClearITPendingBit
</UL>
<BR>[Address Reference Count : 1]<UL><LI> startup_stm32f10x_hd.o(RESET)
</UL>
<P><STRONG><a name="[52]"></a>EXTI2_NVIC_Configuration</STRONG> (Thumb, 42 bytes, Stack size 8 bytes, color.o(i.EXTI2_NVIC_Configuration))
<BR><BR>[Stack]<UL><LI>Max Depth = 24<LI>Call Chain = EXTI2_NVIC_Configuration &rArr; NVIC_Init
</UL>
<BR>[Calls]<UL><LI><a href="#[53]">&gt;&gt;</a>&nbsp;&nbsp;&nbsp;NVIC_PriorityGroupConfig
<LI><a href="#[54]">&gt;&gt;</a>&nbsp;&nbsp;&nbsp;NVIC_Init
</UL>
<BR>[Called By]<UL><LI><a href="#[55]">&gt;&gt;</a>&nbsp;&nbsp;&nbsp;EXTI_PG2_Config
<LI><a href="#[cc]">&gt;&gt;</a>&nbsp;&nbsp;&nbsp;color_a
</UL>

<P><STRONG><a name="[51]"></a>EXTI_ClearITPendingBit</STRONG> (Thumb, 6 bytes, Stack size 0 bytes, stm32f10x_exti.o(i.EXTI_ClearITPendingBit))
<BR><BR>[Called By]<UL><LI><a href="#[12]">&gt;&gt;</a>&nbsp;&nbsp;&nbsp;EXTI2_IRQHandler
</UL>

<P><STRONG><a name="[50]"></a>EXTI_GetITStatus</STRONG> (Thumb, 34 bytes, Stack size 0 bytes, stm32f10x_exti.o(i.EXTI_GetITStatus))
<BR><BR>[Called By]<UL><LI><a href="#[12]">&gt;&gt;</a>&nbsp;&nbsp;&nbsp;EXTI2_IRQHandler
</UL>

<P><STRONG><a name="[57]"></a>EXTI_Init</STRONG> (Thumb, 142 bytes, Stack size 0 bytes, stm32f10x_exti.o(i.EXTI_Init))
<BR><BR>[Called By]<UL><LI><a href="#[59]">&gt;&gt;</a>&nbsp;&nbsp;&nbsp;EXTI_PG2_Config_on
<LI><a href="#[58]">&gt;&gt;</a>&nbsp;&nbsp;&nbsp;EXTI_PG2_Config_off
<LI><a href="#[55]">&gt;&gt;</a>&nbsp;&nbsp;&nbsp;EXTI_PG2_Config
</UL>

<P><STRONG><a name="[55]"></a>EXTI_PG2_Config</STRONG> (Thumb, 74 bytes, Stack size 16 bytes, color.o(i.EXTI_PG2_Config))
<BR><BR>[Stack]<UL><LI>Max Depth = 40<LI>Call Chain = EXTI_PG2_Config &rArr; GPIO_Init
</UL>
<BR>[Calls]<UL><LI><a href="#[4f]">&gt;&gt;</a>&nbsp;&nbsp;&nbsp;GPIO_Init
<LI><a href="#[56]">&gt;&gt;</a>&nbsp;&nbsp;&nbsp;GPIO_EXTILineConfig
<LI><a href="#[57]">&gt;&gt;</a>&nbsp;&nbsp;&nbsp;EXTI_Init
<LI><a href="#[4e]">&gt;&gt;</a>&nbsp;&nbsp;&nbsp;RCC_APB2PeriphClockCmd
<LI><a href="#[52]">&gt;&gt;</a>&nbsp;&nbsp;&nbsp;EXTI2_NVIC_Configuration
</UL>
<BR>[Called By]<UL><LI><a href="#[cc]">&gt;&gt;</a>&nbsp;&nbsp;&nbsp;color_a
<LI><a href="#[cb]">&gt;&gt;</a>&nbsp;&nbsp;&nbsp;color_Init
</UL>

<P><STRONG><a name="[58]"></a>EXTI_PG2_Config_off</STRONG> (Thumb, 40 bytes, Stack size 16 bytes, color.o(i.EXTI_PG2_Config_off))
<BR><BR>[Stack]<UL><LI>Max Depth = 28<LI>Call Chain = EXTI_PG2_Config_off &rArr; GPIO_EXTILineConfig
</UL>
<BR>[Calls]<UL><LI><a href="#[56]">&gt;&gt;</a>&nbsp;&nbsp;&nbsp;GPIO_EXTILineConfig
<LI><a href="#[57]">&gt;&gt;</a>&nbsp;&nbsp;&nbsp;EXTI_Init
</UL>
<BR>[Called By]<UL><LI><a href="#[7e]">&gt;&gt;</a>&nbsp;&nbsp;&nbsp;TCS230_Read_Num2
<LI><a href="#[cc]">&gt;&gt;</a>&nbsp;&nbsp;&nbsp;color_a
</UL>

<P><STRONG><a name="[59]"></a>EXTI_PG2_Config_on</STRONG> (Thumb, 40 bytes, Stack size 16 bytes, color.o(i.EXTI_PG2_Config_on))
<BR><BR>[Stack]<UL><LI>Max Depth = 28<LI>Call Chain = EXTI_PG2_Config_on &rArr; GPIO_EXTILineConfig
</UL>
<BR>[Calls]<UL><LI><a href="#[56]">&gt;&gt;</a>&nbsp;&nbsp;&nbsp;GPIO_EXTILineConfig
<LI><a href="#[57]">&gt;&gt;</a>&nbsp;&nbsp;&nbsp;EXTI_Init
</UL>
<BR>[Called By]<UL><LI><a href="#[81]">&gt;&gt;</a>&nbsp;&nbsp;&nbsp;TCS230_Start2
<LI><a href="#[cc]">&gt;&gt;</a>&nbsp;&nbsp;&nbsp;color_a
</UL>

<P><STRONG><a name="[5b]"></a>GENERAL_TIM4_Init</STRONG> (Thumb, 12 bytes, Stack size 8 bytes, tim.o(i.GENERAL_TIM4_Init))
<BR><BR>[Stack]<UL><LI>Max Depth = 88<LI>Call Chain = GENERAL_TIM4_Init &rArr; GENERAL_TIM4_Mode_Config &rArr; TIM_OC4Init
</UL>
<BR>[Calls]<UL><LI><a href="#[5c]">&gt;&gt;</a>&nbsp;&nbsp;&nbsp;GENERAL_TIM4_Mode_Config
<LI><a href="#[5a]">&gt;&gt;</a>&nbsp;&nbsp;&nbsp;GENERAL_TIM4_GPIO_Config
</UL>
<BR>[Called By]<UL><LI><a href="#[46]">&gt;&gt;</a>&nbsp;&nbsp;&nbsp;main
</UL>

<P><STRONG><a name="[67]"></a>GENERAL_TIM_Init</STRONG> (Thumb, 12 bytes, Stack size 8 bytes, bsp_generaltim.o(i.GENERAL_TIM_Init))
<BR><BR>[Stack]<UL><LI>Max Depth = 72<LI>Call Chain = GENERAL_TIM_Init &rArr; GENERAL_TIM_Mode_Config &rArr; TIM_OC4Init
</UL>
<BR>[Calls]<UL><LI><a href="#[68]">&gt;&gt;</a>&nbsp;&nbsp;&nbsp;GENERAL_TIM_Mode_Config
<LI><a href="#[66]">&gt;&gt;</a>&nbsp;&nbsp;&nbsp;GENERAL_TIM_GPIO_Config
</UL>
<BR>[Called By]<UL><LI><a href="#[46]">&gt;&gt;</a>&nbsp;&nbsp;&nbsp;main
</UL>

<P><STRONG><a name="[56]"></a>GPIO_EXTILineConfig</STRONG> (Thumb, 60 bytes, Stack size 12 bytes, stm32f10x_gpio.o(i.GPIO_EXTILineConfig))
<BR><BR>[Stack]<UL><LI>Max Depth = 12<LI>Call Chain = GPIO_EXTILineConfig
</UL>
<BR>[Called By]<UL><LI><a href="#[59]">&gt;&gt;</a>&nbsp;&nbsp;&nbsp;EXTI_PG2_Config_on
<LI><a href="#[58]">&gt;&gt;</a>&nbsp;&nbsp;&nbsp;EXTI_PG2_Config_off
<LI><a href="#[55]">&gt;&gt;</a>&nbsp;&nbsp;&nbsp;EXTI_PG2_Config
</UL>

<P><STRONG><a name="[4f]"></a>GPIO_Init</STRONG> (Thumb, 278 bytes, Stack size 24 bytes, stm32f10x_gpio.o(i.GPIO_Init))
<BR><BR>[Stack]<UL><LI>Max Depth = 24<LI>Call Chain = GPIO_Init
</UL>
<BR>[Called By]<UL><LI><a href="#[55]">&gt;&gt;</a>&nbsp;&nbsp;&nbsp;EXTI_PG2_Config
<LI><a href="#[4d]">&gt;&gt;</a>&nbsp;&nbsp;&nbsp;Color2_GPIO_Config
<LI><a href="#[f6]">&gt;&gt;</a>&nbsp;&nbsp;&nbsp;huidu9
<LI><a href="#[f5]">&gt;&gt;</a>&nbsp;&nbsp;&nbsp;huidu8
<LI><a href="#[f4]">&gt;&gt;</a>&nbsp;&nbsp;&nbsp;huidu7
<LI><a href="#[f3]">&gt;&gt;</a>&nbsp;&nbsp;&nbsp;huidu6
<LI><a href="#[f2]">&gt;&gt;</a>&nbsp;&nbsp;&nbsp;huidu5
<LI><a href="#[f1]">&gt;&gt;</a>&nbsp;&nbsp;&nbsp;huidu4
<LI><a href="#[f0]">&gt;&gt;</a>&nbsp;&nbsp;&nbsp;huidu3
<LI><a href="#[ef]">&gt;&gt;</a>&nbsp;&nbsp;&nbsp;huidu2
<LI><a href="#[fb]">&gt;&gt;</a>&nbsp;&nbsp;&nbsp;huidu14
<LI><a href="#[fa]">&gt;&gt;</a>&nbsp;&nbsp;&nbsp;huidu13
<LI><a href="#[f9]">&gt;&gt;</a>&nbsp;&nbsp;&nbsp;huidu12
<LI><a href="#[f8]">&gt;&gt;</a>&nbsp;&nbsp;&nbsp;huidu11
<LI><a href="#[f7]">&gt;&gt;</a>&nbsp;&nbsp;&nbsp;huidu10
<LI><a href="#[ee]">&gt;&gt;</a>&nbsp;&nbsp;&nbsp;huidu1
<LI><a href="#[66]">&gt;&gt;</a>&nbsp;&nbsp;&nbsp;GENERAL_TIM_GPIO_Config
<LI><a href="#[8c]">&gt;&gt;</a>&nbsp;&nbsp;&nbsp;W_GPIO_Config
<LI><a href="#[88]">&gt;&gt;</a>&nbsp;&nbsp;&nbsp;USART_Config
<LI><a href="#[5a]">&gt;&gt;</a>&nbsp;&nbsp;&nbsp;GENERAL_TIM4_GPIO_Config
</UL>

<P><STRONG><a name="[103]"></a>GPIO_ReadInputDataBit</STRONG> (Thumb, 18 bytes, Stack size 0 bytes, stm32f10x_gpio.o(i.GPIO_ReadInputDataBit))
<BR><BR>[Called By]<UL><LI><a href="#[100]">&gt;&gt;</a>&nbsp;&nbsp;&nbsp;scan
</UL>

<P><STRONG><a name="[72]"></a>GPIO_ResetBits</STRONG> (Thumb, 4 bytes, Stack size 0 bytes, stm32f10x_gpio.o(i.GPIO_ResetBits))
<BR><BR>[Called By]<UL><LI><a href="#[75]">&gt;&gt;</a>&nbsp;&nbsp;&nbsp;Rightsudu
<LI><a href="#[6f]">&gt;&gt;</a>&nbsp;&nbsp;&nbsp;Leftsudu
</UL>

<P><STRONG><a name="[71]"></a>GPIO_SetBits</STRONG> (Thumb, 4 bytes, Stack size 0 bytes, stm32f10x_gpio.o(i.GPIO_SetBits))
<BR><BR>[Called By]<UL><LI><a href="#[75]">&gt;&gt;</a>&nbsp;&nbsp;&nbsp;Rightsudu
<LI><a href="#[6f]">&gt;&gt;</a>&nbsp;&nbsp;&nbsp;Leftsudu
</UL>

<P><STRONG><a name="[2]"></a>HardFault_Handler</STRONG> (Thumb, 4 bytes, Stack size 0 bytes, stm32f10x_it.o(i.HardFault_Handler))
<BR>[Address Reference Count : 1]<UL><LI> startup_stm32f10x_hd.o(RESET)
</UL>
<P><STRONG><a name="[6b]"></a>L_zhuanwan</STRONG> (Thumb, 64 bytes, Stack size 8 bytes, move.o(i.L_zhuanwan))
<BR><BR>[Stack]<UL><LI>Max Depth = 32<LI>Call Chain = L_zhuanwan &rArr; turn_left &rArr; Rightsudu
</UL>
<BR>[Calls]<UL><LI><a href="#[6c]">&gt;&gt;</a>&nbsp;&nbsp;&nbsp;turn_left
<LI><a href="#[6e]">&gt;&gt;</a>&nbsp;&nbsp;&nbsp;stop
<LI><a href="#[6d]">&gt;&gt;</a>&nbsp;&nbsp;&nbsp;delay_us
</UL>
<BR>[Called By]<UL><LI><a href="#[a4]">&gt;&gt;</a>&nbsp;&nbsp;&nbsp;b1_e
<LI><a href="#[9e]">&gt;&gt;</a>&nbsp;&nbsp;&nbsp;a_d1
<LI><a href="#[9d]">&gt;&gt;</a>&nbsp;&nbsp;&nbsp;a_c1
<LI><a href="#[9c]">&gt;&gt;</a>&nbsp;&nbsp;&nbsp;a_b1
<LI><a href="#[e7]">&gt;&gt;</a>&nbsp;&nbsp;&nbsp;h1_c
<LI><a href="#[e6]">&gt;&gt;</a>&nbsp;&nbsp;&nbsp;h1_b
<LI><a href="#[e5]">&gt;&gt;</a>&nbsp;&nbsp;&nbsp;h1_a
<LI><a href="#[e3]">&gt;&gt;</a>&nbsp;&nbsp;&nbsp;g_a1
<LI><a href="#[e2]">&gt;&gt;</a>&nbsp;&nbsp;&nbsp;g_a
<LI><a href="#[be]">&gt;&gt;</a>&nbsp;&nbsp;&nbsp;f_a1
<LI><a href="#[bc]">&gt;&gt;</a>&nbsp;&nbsp;&nbsp;f_a
<LI><a href="#[d7]">&gt;&gt;</a>&nbsp;&nbsp;&nbsp;f1_a1
<LI><a href="#[d6]">&gt;&gt;</a>&nbsp;&nbsp;&nbsp;e_h1
<LI><a href="#[d5]">&gt;&gt;</a>&nbsp;&nbsp;&nbsp;e_f1
<LI><a href="#[bb]">&gt;&gt;</a>&nbsp;&nbsp;&nbsp;e_f
<LI><a href="#[b2]">&gt;&gt;</a>&nbsp;&nbsp;&nbsp;e1_m
<LI><a href="#[d4]">&gt;&gt;</a>&nbsp;&nbsp;&nbsp;e1_g
<LI><a href="#[d3]">&gt;&gt;</a>&nbsp;&nbsp;&nbsp;e1_f1
<LI><a href="#[d1]">&gt;&gt;</a>&nbsp;&nbsp;&nbsp;d_f1
<LI><a href="#[d0]">&gt;&gt;</a>&nbsp;&nbsp;&nbsp;d1_m
<LI><a href="#[c2]">&gt;&gt;</a>&nbsp;&nbsp;&nbsp;d1_g
<LI><a href="#[cf]">&gt;&gt;</a>&nbsp;&nbsp;&nbsp;d1_f1
<LI><a href="#[bd]">&gt;&gt;</a>&nbsp;&nbsp;&nbsp;d1_f
<LI><a href="#[ce]">&gt;&gt;</a>&nbsp;&nbsp;&nbsp;d1_e
<LI><a href="#[c6]">&gt;&gt;</a>&nbsp;&nbsp;&nbsp;c_f1
<LI><a href="#[ac]">&gt;&gt;</a>&nbsp;&nbsp;&nbsp;c_d1
<LI><a href="#[c3]">&gt;&gt;</a>&nbsp;&nbsp;&nbsp;c1_f1
<LI><a href="#[bf]">&gt;&gt;</a>&nbsp;&nbsp;&nbsp;c1_f
<LI><a href="#[b8]">&gt;&gt;</a>&nbsp;&nbsp;&nbsp;c1_e
</UL>

<P><STRONG><a name="[6f]"></a>Leftsudu</STRONG> (Thumb, 36 bytes, Stack size 16 bytes, move.o(i.Leftsudu))
<BR><BR>[Stack]<UL><LI>Max Depth = 16<LI>Call Chain = Leftsudu
</UL>
<BR>[Calls]<UL><LI><a href="#[71]">&gt;&gt;</a>&nbsp;&nbsp;&nbsp;GPIO_SetBits
<LI><a href="#[72]">&gt;&gt;</a>&nbsp;&nbsp;&nbsp;GPIO_ResetBits
<LI><a href="#[70]">&gt;&gt;</a>&nbsp;&nbsp;&nbsp;TIM_SetCompare4
</UL>
<BR>[Called By]<UL><LI><a href="#[74]">&gt;&gt;</a>&nbsp;&nbsp;&nbsp;turn_right
<LI><a href="#[6c]">&gt;&gt;</a>&nbsp;&nbsp;&nbsp;turn_left
<LI><a href="#[eb]">&gt;&gt;</a>&nbsp;&nbsp;&nbsp;houtui
<LI><a href="#[6e]">&gt;&gt;</a>&nbsp;&nbsp;&nbsp;stop
<LI><a href="#[fc]">&gt;&gt;</a>&nbsp;&nbsp;&nbsp;qianjin_xunji
<LI><a href="#[94]">&gt;&gt;</a>&nbsp;&nbsp;&nbsp;qianjin
</UL>

<P><STRONG><a name="[3]"></a>MemManage_Handler</STRONG> (Thumb, 4 bytes, Stack size 0 bytes, stm32f10x_it.o(i.MemManage_Handler))
<BR>[Address Reference Count : 1]<UL><LI> startup_stm32f10x_hd.o(RESET)
</UL>
<P><STRONG><a name="[1]"></a>NMI_Handler</STRONG> (Thumb, 2 bytes, Stack size 0 bytes, stm32f10x_it.o(i.NMI_Handler))
<BR>[Address Reference Count : 1]<UL><LI> startup_stm32f10x_hd.o(RESET)
</UL>
<P><STRONG><a name="[54]"></a>NVIC_Init</STRONG> (Thumb, 100 bytes, Stack size 16 bytes, misc.o(i.NVIC_Init))
<BR><BR>[Stack]<UL><LI>Max Depth = 16<LI>Call Chain = NVIC_Init
</UL>
<BR>[Called By]<UL><LI><a href="#[83]">&gt;&gt;</a>&nbsp;&nbsp;&nbsp;TIM2_NVIC_Configuration
<LI><a href="#[52]">&gt;&gt;</a>&nbsp;&nbsp;&nbsp;EXTI2_NVIC_Configuration
</UL>

<P><STRONG><a name="[53]"></a>NVIC_PriorityGroupConfig</STRONG> (Thumb, 10 bytes, Stack size 0 bytes, misc.o(i.NVIC_PriorityGroupConfig))
<BR><BR>[Called By]<UL><LI><a href="#[83]">&gt;&gt;</a>&nbsp;&nbsp;&nbsp;TIM2_NVIC_Configuration
<LI><a href="#[52]">&gt;&gt;</a>&nbsp;&nbsp;&nbsp;EXTI2_NVIC_Configuration
</UL>

<P><STRONG><a name="[8]"></a>PendSV_Handler</STRONG> (Thumb, 2 bytes, Stack size 0 bytes, stm32f10x_it.o(i.PendSV_Handler))
<BR>[Address Reference Count : 1]<UL><LI> startup_stm32f10x_hd.o(RESET)
</UL>
<P><STRONG><a name="[5d]"></a>RCC_APB1PeriphClockCmd</STRONG> (Thumb, 26 bytes, Stack size 0 bytes, stm32f10x_rcc.o(i.RCC_APB1PeriphClockCmd))
<BR><BR>[Called By]<UL><LI><a href="#[82]">&gt;&gt;</a>&nbsp;&nbsp;&nbsp;TIM2_Configuration
<LI><a href="#[81]">&gt;&gt;</a>&nbsp;&nbsp;&nbsp;TCS230_Start2
<LI><a href="#[7e]">&gt;&gt;</a>&nbsp;&nbsp;&nbsp;TCS230_Read_Num2
<LI><a href="#[68]">&gt;&gt;</a>&nbsp;&nbsp;&nbsp;GENERAL_TIM_Mode_Config
<LI><a href="#[5c]">&gt;&gt;</a>&nbsp;&nbsp;&nbsp;GENERAL_TIM4_Mode_Config
</UL>

<P><STRONG><a name="[4e]"></a>RCC_APB2PeriphClockCmd</STRONG> (Thumb, 26 bytes, Stack size 0 bytes, stm32f10x_rcc.o(i.RCC_APB2PeriphClockCmd))
<BR><BR>[Called By]<UL><LI><a href="#[55]">&gt;&gt;</a>&nbsp;&nbsp;&nbsp;EXTI_PG2_Config
<LI><a href="#[4d]">&gt;&gt;</a>&nbsp;&nbsp;&nbsp;Color2_GPIO_Config
<LI><a href="#[f6]">&gt;&gt;</a>&nbsp;&nbsp;&nbsp;huidu9
<LI><a href="#[f5]">&gt;&gt;</a>&nbsp;&nbsp;&nbsp;huidu8
<LI><a href="#[f4]">&gt;&gt;</a>&nbsp;&nbsp;&nbsp;huidu7
<LI><a href="#[f3]">&gt;&gt;</a>&nbsp;&nbsp;&nbsp;huidu6
<LI><a href="#[f2]">&gt;&gt;</a>&nbsp;&nbsp;&nbsp;huidu5
<LI><a href="#[f1]">&gt;&gt;</a>&nbsp;&nbsp;&nbsp;huidu4
<LI><a href="#[f0]">&gt;&gt;</a>&nbsp;&nbsp;&nbsp;huidu3
<LI><a href="#[ef]">&gt;&gt;</a>&nbsp;&nbsp;&nbsp;huidu2
<LI><a href="#[fb]">&gt;&gt;</a>&nbsp;&nbsp;&nbsp;huidu14
<LI><a href="#[fa]">&gt;&gt;</a>&nbsp;&nbsp;&nbsp;huidu13
<LI><a href="#[f9]">&gt;&gt;</a>&nbsp;&nbsp;&nbsp;huidu12
<LI><a href="#[f8]">&gt;&gt;</a>&nbsp;&nbsp;&nbsp;huidu11
<LI><a href="#[f7]">&gt;&gt;</a>&nbsp;&nbsp;&nbsp;huidu10
<LI><a href="#[ee]">&gt;&gt;</a>&nbsp;&nbsp;&nbsp;huidu1
<LI><a href="#[66]">&gt;&gt;</a>&nbsp;&nbsp;&nbsp;GENERAL_TIM_GPIO_Config
<LI><a href="#[8c]">&gt;&gt;</a>&nbsp;&nbsp;&nbsp;W_GPIO_Config
<LI><a href="#[88]">&gt;&gt;</a>&nbsp;&nbsp;&nbsp;USART_Config
<LI><a href="#[5a]">&gt;&gt;</a>&nbsp;&nbsp;&nbsp;GENERAL_TIM4_GPIO_Config
</UL>

<P><STRONG><a name="[8b]"></a>RCC_GetClocksFreq</STRONG> (Thumb, 192 bytes, Stack size 12 bytes, stm32f10x_rcc.o(i.RCC_GetClocksFreq))
<BR><BR>[Stack]<UL><LI>Max Depth = 12<LI>Call Chain = RCC_GetClocksFreq
</UL>
<BR>[Called By]<UL><LI><a href="#[89]">&gt;&gt;</a>&nbsp;&nbsp;&nbsp;USART_Init
</UL>

<P><STRONG><a name="[73]"></a>R_zhuanwan1</STRONG> (Thumb, 64 bytes, Stack size 8 bytes, move.o(i.R_zhuanwan1))
<BR><BR>[Stack]<UL><LI>Max Depth = 32<LI>Call Chain = R_zhuanwan1 &rArr; turn_right &rArr; Rightsudu
</UL>
<BR>[Calls]<UL><LI><a href="#[74]">&gt;&gt;</a>&nbsp;&nbsp;&nbsp;turn_right
<LI><a href="#[6e]">&gt;&gt;</a>&nbsp;&nbsp;&nbsp;stop
<LI><a href="#[6d]">&gt;&gt;</a>&nbsp;&nbsp;&nbsp;delay_us
</UL>
<BR>[Called By]<UL><LI><a href="#[a8]">&gt;&gt;</a>&nbsp;&nbsp;&nbsp;b1_m
<LI><a href="#[a7]">&gt;&gt;</a>&nbsp;&nbsp;&nbsp;b1_g
<LI><a href="#[a3]">&gt;&gt;</a>&nbsp;&nbsp;&nbsp;b1_a
<LI><a href="#[a2]">&gt;&gt;</a>&nbsp;&nbsp;&nbsp;a_h1
<LI><a href="#[a1]">&gt;&gt;</a>&nbsp;&nbsp;&nbsp;a_g
<LI><a href="#[a0]">&gt;&gt;</a>&nbsp;&nbsp;&nbsp;a_f1
<LI><a href="#[9f]">&gt;&gt;</a>&nbsp;&nbsp;&nbsp;a_f
<LI><a href="#[99]">&gt;&gt;</a>&nbsp;&nbsp;&nbsp;a1_m
<LI><a href="#[98]">&gt;&gt;</a>&nbsp;&nbsp;&nbsp;a1_g
<LI><a href="#[97]">&gt;&gt;</a>&nbsp;&nbsp;&nbsp;a1_f1
<LI><a href="#[46]">&gt;&gt;</a>&nbsp;&nbsp;&nbsp;main
<LI><a href="#[e9]">&gt;&gt;</a>&nbsp;&nbsp;&nbsp;h1_e
<LI><a href="#[b1]">&gt;&gt;</a>&nbsp;&nbsp;&nbsp;g_e1
<LI><a href="#[af]">&gt;&gt;</a>&nbsp;&nbsp;&nbsp;g_e
<LI><a href="#[dd]">&gt;&gt;</a>&nbsp;&nbsp;&nbsp;f_e1
<LI><a href="#[dc]">&gt;&gt;</a>&nbsp;&nbsp;&nbsp;f_e
<LI><a href="#[db]">&gt;&gt;</a>&nbsp;&nbsp;&nbsp;f1_e1
<LI><a href="#[da]">&gt;&gt;</a>&nbsp;&nbsp;&nbsp;f1_d1
<LI><a href="#[d9]">&gt;&gt;</a>&nbsp;&nbsp;&nbsp;f1_c1
<LI><a href="#[c0]">&gt;&gt;</a>&nbsp;&nbsp;&nbsp;e_d1
<LI><a href="#[b3]">&gt;&gt;</a>&nbsp;&nbsp;&nbsp;e_c1
<LI><a href="#[b5]">&gt;&gt;</a>&nbsp;&nbsp;&nbsp;e_b1
<LI><a href="#[ad]">&gt;&gt;</a>&nbsp;&nbsp;&nbsp;d1_a
<LI><a href="#[c7]">&gt;&gt;</a>&nbsp;&nbsp;&nbsp;c_h1
<LI><a href="#[c4]">&gt;&gt;</a>&nbsp;&nbsp;&nbsp;c_b1
<LI><a href="#[c1]">&gt;&gt;</a>&nbsp;&nbsp;&nbsp;c1_a
<LI><a href="#[aa]">&gt;&gt;</a>&nbsp;&nbsp;&nbsp;b_h1
</UL>

<P><STRONG><a name="[75]"></a>Rightsudu</STRONG> (Thumb, 36 bytes, Stack size 16 bytes, move.o(i.Rightsudu))
<BR><BR>[Stack]<UL><LI>Max Depth = 16<LI>Call Chain = Rightsudu
</UL>
<BR>[Calls]<UL><LI><a href="#[71]">&gt;&gt;</a>&nbsp;&nbsp;&nbsp;GPIO_SetBits
<LI><a href="#[72]">&gt;&gt;</a>&nbsp;&nbsp;&nbsp;GPIO_ResetBits
<LI><a href="#[76]">&gt;&gt;</a>&nbsp;&nbsp;&nbsp;TIM_SetCompare3
</UL>
<BR>[Called By]<UL><LI><a href="#[74]">&gt;&gt;</a>&nbsp;&nbsp;&nbsp;turn_right
<LI><a href="#[6c]">&gt;&gt;</a>&nbsp;&nbsp;&nbsp;turn_left
<LI><a href="#[eb]">&gt;&gt;</a>&nbsp;&nbsp;&nbsp;houtui
<LI><a href="#[6e]">&gt;&gt;</a>&nbsp;&nbsp;&nbsp;stop
<LI><a href="#[fc]">&gt;&gt;</a>&nbsp;&nbsp;&nbsp;qianjin_xunji
<LI><a href="#[94]">&gt;&gt;</a>&nbsp;&nbsp;&nbsp;qianjin
</UL>

<P><STRONG><a name="[77]"></a>S1down</STRONG> (Thumb, 70 bytes, Stack size 8 bytes, tim.o(i.S1down))
<BR><BR>[Stack]<UL><LI>Max Depth = 16<LI>Call Chain = S1down &rArr; delay_us
</UL>
<BR>[Calls]<UL><LI><a href="#[6d]">&gt;&gt;</a>&nbsp;&nbsp;&nbsp;delay_us
<LI><a href="#[78]">&gt;&gt;</a>&nbsp;&nbsp;&nbsp;TIM_SetCompare1
</UL>
<BR>[Called By]<UL><LI><a href="#[db]">&gt;&gt;</a>&nbsp;&nbsp;&nbsp;f1_e1
<LI><a href="#[da]">&gt;&gt;</a>&nbsp;&nbsp;&nbsp;f1_d1
<LI><a href="#[d9]">&gt;&gt;</a>&nbsp;&nbsp;&nbsp;f1_c1
<LI><a href="#[d8]">&gt;&gt;</a>&nbsp;&nbsp;&nbsp;f1_b1
<LI><a href="#[d7]">&gt;&gt;</a>&nbsp;&nbsp;&nbsp;f1_a1
</UL>

<P><STRONG><a name="[79]"></a>S1riseup</STRONG> (Thumb, 68 bytes, Stack size 8 bytes, tim.o(i.S1riseup))
<BR><BR>[Stack]<UL><LI>Max Depth = 16<LI>Call Chain = S1riseup &rArr; delay_us
</UL>
<BR>[Calls]<UL><LI><a href="#[6d]">&gt;&gt;</a>&nbsp;&nbsp;&nbsp;delay_us
<LI><a href="#[78]">&gt;&gt;</a>&nbsp;&nbsp;&nbsp;TIM_SetCompare1
</UL>
<BR>[Called By]<UL><LI><a href="#[db]">&gt;&gt;</a>&nbsp;&nbsp;&nbsp;f1_e1
<LI><a href="#[da]">&gt;&gt;</a>&nbsp;&nbsp;&nbsp;f1_d1
<LI><a href="#[d9]">&gt;&gt;</a>&nbsp;&nbsp;&nbsp;f1_c1
<LI><a href="#[d8]">&gt;&gt;</a>&nbsp;&nbsp;&nbsp;f1_b1
<LI><a href="#[d7]">&gt;&gt;</a>&nbsp;&nbsp;&nbsp;f1_a1
</UL>

<P><STRONG><a name="[6]"></a>SVC_Handler</STRONG> (Thumb, 2 bytes, Stack size 0 bytes, stm32f10x_it.o(i.SVC_Handler))
<BR>[Address Reference Count : 1]<UL><LI> startup_stm32f10x_hd.o(RESET)
</UL>
<P><STRONG><a name="[9]"></a>SysTick_Handler</STRONG> (Thumb, 8 bytes, Stack size 8 bytes, stm32f10x_it.o(i.SysTick_Handler))
<BR><BR>[Stack]<UL><LI>Max Depth = 8<LI>Call Chain = SysTick_Handler
</UL>
<BR>[Calls]<UL><LI><a href="#[7c]">&gt;&gt;</a>&nbsp;&nbsp;&nbsp;TimingDelay_Decrement
</UL>
<BR>[Address Reference Count : 1]<UL><LI> startup_stm32f10x_hd.o(RESET)
</UL>
<P><STRONG><a name="[cd]"></a>SysTick_Init</STRONG> (Thumb, 106 bytes, Stack size 12 bytes, systick.o(i.SysTick_Init))
<BR><BR>[Stack]<UL><LI>Max Depth = 12<LI>Call Chain = SysTick_Init
</UL>
<BR>[Called By]<UL><LI><a href="#[cc]">&gt;&gt;</a>&nbsp;&nbsp;&nbsp;color_a
</UL>

<P><STRONG><a name="[47]"></a>SystemInit</STRONG> (Thumb, 78 bytes, Stack size 8 bytes, system_stm32f10x.o(i.SystemInit))
<BR><BR>[Stack]<UL><LI>Max Depth = 28<LI>Call Chain = SystemInit &rArr; SetSysClock &rArr; SetSysClockTo72
</UL>
<BR>[Calls]<UL><LI><a href="#[7a]">&gt;&gt;</a>&nbsp;&nbsp;&nbsp;SetSysClock
</UL>
<BR>[Address Reference Count : 1]<UL><LI> startup_stm32f10x_hd.o(.text)
</UL>
<P><STRONG><a name="[7d]"></a>TCS230_Distinguish2</STRONG> (Thumb, 152 bytes, Stack size 24 bytes, color.o(i.TCS230_Distinguish2))
<BR><BR>[Stack]<UL><LI>Max Depth = 68<LI>Call Chain = TCS230_Distinguish2 &rArr; TCS230_Read_Num2 &rArr; TCS230_Start2 &rArr; EXTI_PG2_Config_on &rArr; GPIO_EXTILineConfig
</UL>
<BR>[Calls]<UL><LI><a href="#[7e]">&gt;&gt;</a>&nbsp;&nbsp;&nbsp;TCS230_Read_Num2
<LI><a href="#[6d]">&gt;&gt;</a>&nbsp;&nbsp;&nbsp;delay_us
<LI><a href="#[7f]">&gt;&gt;</a>&nbsp;&nbsp;&nbsp;__2printf
</UL>
<BR>[Called By]<UL><LI><a href="#[ca]">&gt;&gt;</a>&nbsp;&nbsp;&nbsp;color3
<LI><a href="#[c9]">&gt;&gt;</a>&nbsp;&nbsp;&nbsp;color2
<LI><a href="#[c8]">&gt;&gt;</a>&nbsp;&nbsp;&nbsp;color1
</UL>

<P><STRONG><a name="[7e]"></a>TCS230_Read_Num2</STRONG> (Thumb, 42 bytes, Stack size 8 bytes, color.o(i.TCS230_Read_Num2))
<BR><BR>[Stack]<UL><LI>Max Depth = 44<LI>Call Chain = TCS230_Read_Num2 &rArr; TCS230_Start2 &rArr; EXTI_PG2_Config_on &rArr; GPIO_EXTILineConfig
</UL>
<BR>[Calls]<UL><LI><a href="#[5d]">&gt;&gt;</a>&nbsp;&nbsp;&nbsp;RCC_APB1PeriphClockCmd
<LI><a href="#[81]">&gt;&gt;</a>&nbsp;&nbsp;&nbsp;TCS230_Start2
<LI><a href="#[58]">&gt;&gt;</a>&nbsp;&nbsp;&nbsp;EXTI_PG2_Config_off
<LI><a href="#[80]">&gt;&gt;</a>&nbsp;&nbsp;&nbsp;Colour2_Config
</UL>
<BR>[Called By]<UL><LI><a href="#[7d]">&gt;&gt;</a>&nbsp;&nbsp;&nbsp;TCS230_Distinguish2
</UL>

<P><STRONG><a name="[81]"></a>TCS230_Start2</STRONG> (Thumb, 26 bytes, Stack size 8 bytes, color.o(i.TCS230_Start2))
<BR><BR>[Stack]<UL><LI>Max Depth = 36<LI>Call Chain = TCS230_Start2 &rArr; EXTI_PG2_Config_on &rArr; GPIO_EXTILineConfig
</UL>
<BR>[Calls]<UL><LI><a href="#[5d]">&gt;&gt;</a>&nbsp;&nbsp;&nbsp;RCC_APB1PeriphClockCmd
<LI><a href="#[59]">&gt;&gt;</a>&nbsp;&nbsp;&nbsp;EXTI_PG2_Config_on
</UL>
<BR>[Called By]<UL><LI><a href="#[7e]">&gt;&gt;</a>&nbsp;&nbsp;&nbsp;TCS230_Read_Num2
<LI><a href="#[cc]">&gt;&gt;</a>&nbsp;&nbsp;&nbsp;color_a
</UL>

<P><STRONG><a name="[82]"></a>TIM2_Configuration</STRONG> (Thumb, 84 bytes, Stack size 16 bytes, color.o(i.TIM2_Configuration))
<BR><BR>[Stack]<UL><LI>Max Depth = 40<LI>Call Chain = TIM2_Configuration &rArr; TIM2_NVIC_Configuration &rArr; NVIC_Init
</UL>
<BR>[Calls]<UL><LI><a href="#[5d]">&gt;&gt;</a>&nbsp;&nbsp;&nbsp;RCC_APB1PeriphClockCmd
<LI><a href="#[83]">&gt;&gt;</a>&nbsp;&nbsp;&nbsp;TIM2_NVIC_Configuration
<LI><a href="#[5e]">&gt;&gt;</a>&nbsp;&nbsp;&nbsp;TIM_TimeBaseInit
<LI><a href="#[85]">&gt;&gt;</a>&nbsp;&nbsp;&nbsp;TIM_ITConfig
<LI><a href="#[65]">&gt;&gt;</a>&nbsp;&nbsp;&nbsp;TIM_Cmd
<LI><a href="#[84]">&gt;&gt;</a>&nbsp;&nbsp;&nbsp;TIM_ClearFlag
</UL>
<BR>[Called By]<UL><LI><a href="#[cc]">&gt;&gt;</a>&nbsp;&nbsp;&nbsp;color_a
<LI><a href="#[cb]">&gt;&gt;</a>&nbsp;&nbsp;&nbsp;color_Init
</UL>

<P><STRONG><a name="[26]"></a>TIM2_IRQHandler</STRONG> (Thumb, 50 bytes, Stack size 8 bytes, stm32f10x_it.o(i.TIM2_IRQHandler))
<BR><BR>[Stack]<UL><LI>Max Depth = 20<LI>Call Chain = TIM2_IRQHandler &rArr; TIM_GetITStatus
</UL>
<BR>[Calls]<UL><LI><a href="#[86]">&gt;&gt;</a>&nbsp;&nbsp;&nbsp;TIM_GetITStatus
<LI><a href="#[87]">&gt;&gt;</a>&nbsp;&nbsp;&nbsp;TIM_ClearITPendingBit
</UL>
<BR>[Address Reference Count : 1]<UL><LI> startup_stm32f10x_hd.o(RESET)
</UL>
<P><STRONG><a name="[83]"></a>TIM2_NVIC_Configuration</STRONG> (Thumb, 40 bytes, Stack size 8 bytes, color.o(i.TIM2_NVIC_Configuration))
<BR><BR>[Stack]<UL><LI>Max Depth = 24<LI>Call Chain = TIM2_NVIC_Configuration &rArr; NVIC_Init
</UL>
<BR>[Calls]<UL><LI><a href="#[53]">&gt;&gt;</a>&nbsp;&nbsp;&nbsp;NVIC_PriorityGroupConfig
<LI><a href="#[54]">&gt;&gt;</a>&nbsp;&nbsp;&nbsp;NVIC_Init
</UL>
<BR>[Called By]<UL><LI><a href="#[82]">&gt;&gt;</a>&nbsp;&nbsp;&nbsp;TIM2_Configuration
<LI><a href="#[cc]">&gt;&gt;</a>&nbsp;&nbsp;&nbsp;color_a
</UL>

<P><STRONG><a name="[84]"></a>TIM_ClearFlag</STRONG> (Thumb, 6 bytes, Stack size 0 bytes, stm32f10x_tim.o(i.TIM_ClearFlag))
<BR><BR>[Called By]<UL><LI><a href="#[82]">&gt;&gt;</a>&nbsp;&nbsp;&nbsp;TIM2_Configuration
</UL>

<P><STRONG><a name="[87]"></a>TIM_ClearITPendingBit</STRONG> (Thumb, 6 bytes, Stack size 0 bytes, stm32f10x_tim.o(i.TIM_ClearITPendingBit))
<BR><BR>[Called By]<UL><LI><a href="#[26]">&gt;&gt;</a>&nbsp;&nbsp;&nbsp;TIM2_IRQHandler
</UL>

<P><STRONG><a name="[65]"></a>TIM_Cmd</STRONG> (Thumb, 24 bytes, Stack size 0 bytes, stm32f10x_tim.o(i.TIM_Cmd))
<BR><BR>[Called By]<UL><LI><a href="#[82]">&gt;&gt;</a>&nbsp;&nbsp;&nbsp;TIM2_Configuration
<LI><a href="#[68]">&gt;&gt;</a>&nbsp;&nbsp;&nbsp;GENERAL_TIM_Mode_Config
<LI><a href="#[5c]">&gt;&gt;</a>&nbsp;&nbsp;&nbsp;GENERAL_TIM4_Mode_Config
</UL>

<P><STRONG><a name="[86]"></a>TIM_GetITStatus</STRONG> (Thumb, 34 bytes, Stack size 12 bytes, stm32f10x_tim.o(i.TIM_GetITStatus))
<BR><BR>[Stack]<UL><LI>Max Depth = 12<LI>Call Chain = TIM_GetITStatus
</UL>
<BR>[Called By]<UL><LI><a href="#[26]">&gt;&gt;</a>&nbsp;&nbsp;&nbsp;TIM2_IRQHandler
</UL>

<P><STRONG><a name="[85]"></a>TIM_ITConfig</STRONG> (Thumb, 18 bytes, Stack size 0 bytes, stm32f10x_tim.o(i.TIM_ITConfig))
<BR><BR>[Called By]<UL><LI><a href="#[82]">&gt;&gt;</a>&nbsp;&nbsp;&nbsp;TIM2_Configuration
</UL>

<P><STRONG><a name="[5f]"></a>TIM_OC1Init</STRONG> (Thumb, 132 bytes, Stack size 16 bytes, stm32f10x_tim.o(i.TIM_OC1Init))
<BR><BR>[Stack]<UL><LI>Max Depth = 16<LI>Call Chain = TIM_OC1Init
</UL>
<BR>[Called By]<UL><LI><a href="#[5c]">&gt;&gt;</a>&nbsp;&nbsp;&nbsp;GENERAL_TIM4_Mode_Config
</UL>

<P><STRONG><a name="[60]"></a>TIM_OC1PreloadConfig</STRONG> (Thumb, 18 bytes, Stack size 0 bytes, stm32f10x_tim.o(i.TIM_OC1PreloadConfig))
<BR><BR>[Called By]<UL><LI><a href="#[5c]">&gt;&gt;</a>&nbsp;&nbsp;&nbsp;GENERAL_TIM4_Mode_Config
</UL>

<P><STRONG><a name="[69]"></a>TIM_OC2Init</STRONG> (Thumb, 154 bytes, Stack size 16 bytes, stm32f10x_tim.o(i.TIM_OC2Init))
<BR><BR>[Stack]<UL><LI>Max Depth = 16<LI>Call Chain = TIM_OC2Init
</UL>
<BR>[Called By]<UL><LI><a href="#[68]">&gt;&gt;</a>&nbsp;&nbsp;&nbsp;GENERAL_TIM_Mode_Config
</UL>

<P><STRONG><a name="[6a]"></a>TIM_OC2PreloadConfig</STRONG> (Thumb, 26 bytes, Stack size 0 bytes, stm32f10x_tim.o(i.TIM_OC2PreloadConfig))
<BR><BR>[Called By]<UL><LI><a href="#[68]">&gt;&gt;</a>&nbsp;&nbsp;&nbsp;GENERAL_TIM_Mode_Config
</UL>

<P><STRONG><a name="[61]"></a>TIM_OC3Init</STRONG> (Thumb, 150 bytes, Stack size 16 bytes, stm32f10x_tim.o(i.TIM_OC3Init))
<BR><BR>[Stack]<UL><LI>Max Depth = 16<LI>Call Chain = TIM_OC3Init
</UL>
<BR>[Called By]<UL><LI><a href="#[68]">&gt;&gt;</a>&nbsp;&nbsp;&nbsp;GENERAL_TIM_Mode_Config
<LI><a href="#[5c]">&gt;&gt;</a>&nbsp;&nbsp;&nbsp;GENERAL_TIM4_Mode_Config
</UL>

<P><STRONG><a name="[62]"></a>TIM_OC3PreloadConfig</STRONG> (Thumb, 18 bytes, Stack size 0 bytes, stm32f10x_tim.o(i.TIM_OC3PreloadConfig))
<BR><BR>[Called By]<UL><LI><a href="#[68]">&gt;&gt;</a>&nbsp;&nbsp;&nbsp;GENERAL_TIM_Mode_Config
<LI><a href="#[5c]">&gt;&gt;</a>&nbsp;&nbsp;&nbsp;GENERAL_TIM4_Mode_Config
</UL>

<P><STRONG><a name="[63]"></a>TIM_OC4Init</STRONG> (Thumb, 114 bytes, Stack size 16 bytes, stm32f10x_tim.o(i.TIM_OC4Init))
<BR><BR>[Stack]<UL><LI>Max Depth = 16<LI>Call Chain = TIM_OC4Init
</UL>
<BR>[Called By]<UL><LI><a href="#[68]">&gt;&gt;</a>&nbsp;&nbsp;&nbsp;GENERAL_TIM_Mode_Config
<LI><a href="#[5c]">&gt;&gt;</a>&nbsp;&nbsp;&nbsp;GENERAL_TIM4_Mode_Config
</UL>

<P><STRONG><a name="[64]"></a>TIM_OC4PreloadConfig</STRONG> (Thumb, 26 bytes, Stack size 0 bytes, stm32f10x_tim.o(i.TIM_OC4PreloadConfig))
<BR><BR>[Called By]<UL><LI><a href="#[68]">&gt;&gt;</a>&nbsp;&nbsp;&nbsp;GENERAL_TIM_Mode_Config
<LI><a href="#[5c]">&gt;&gt;</a>&nbsp;&nbsp;&nbsp;GENERAL_TIM4_Mode_Config
</UL>

<P><STRONG><a name="[78]"></a>TIM_SetCompare1</STRONG> (Thumb, 4 bytes, Stack size 0 bytes, stm32f10x_tim.o(i.TIM_SetCompare1))
<BR><BR>[Called By]<UL><LI><a href="#[a9]">&gt;&gt;</a>&nbsp;&nbsp;&nbsp;b_f1
<LI><a href="#[a8]">&gt;&gt;</a>&nbsp;&nbsp;&nbsp;b1_m
<LI><a href="#[a7]">&gt;&gt;</a>&nbsp;&nbsp;&nbsp;b1_g
<LI><a href="#[a6]">&gt;&gt;</a>&nbsp;&nbsp;&nbsp;b1_f1
<LI><a href="#[a5]">&gt;&gt;</a>&nbsp;&nbsp;&nbsp;b1_f
<LI><a href="#[a4]">&gt;&gt;</a>&nbsp;&nbsp;&nbsp;b1_e
<LI><a href="#[a3]">&gt;&gt;</a>&nbsp;&nbsp;&nbsp;b1_a
<LI><a href="#[a2]">&gt;&gt;</a>&nbsp;&nbsp;&nbsp;a_h1
<LI><a href="#[a1]">&gt;&gt;</a>&nbsp;&nbsp;&nbsp;a_g
<LI><a href="#[a0]">&gt;&gt;</a>&nbsp;&nbsp;&nbsp;a_f1
<LI><a href="#[9f]">&gt;&gt;</a>&nbsp;&nbsp;&nbsp;a_f
<LI><a href="#[9e]">&gt;&gt;</a>&nbsp;&nbsp;&nbsp;a_d1
<LI><a href="#[9d]">&gt;&gt;</a>&nbsp;&nbsp;&nbsp;a_c1
<LI><a href="#[9c]">&gt;&gt;</a>&nbsp;&nbsp;&nbsp;a_b1
<LI><a href="#[9a]">&gt;&gt;</a>&nbsp;&nbsp;&nbsp;a_a1
<LI><a href="#[99]">&gt;&gt;</a>&nbsp;&nbsp;&nbsp;a1_m
<LI><a href="#[98]">&gt;&gt;</a>&nbsp;&nbsp;&nbsp;a1_g
<LI><a href="#[97]">&gt;&gt;</a>&nbsp;&nbsp;&nbsp;a1_f1
<LI><a href="#[90]">&gt;&gt;</a>&nbsp;&nbsp;&nbsp;a1_e
<LI><a href="#[fe]">&gt;&gt;</a>&nbsp;&nbsp;&nbsp;renwu2_h
<LI><a href="#[ff]">&gt;&gt;</a>&nbsp;&nbsp;&nbsp;renwu2_f
<LI><a href="#[46]">&gt;&gt;</a>&nbsp;&nbsp;&nbsp;main
<LI><a href="#[79]">&gt;&gt;</a>&nbsp;&nbsp;&nbsp;S1riseup
<LI><a href="#[77]">&gt;&gt;</a>&nbsp;&nbsp;&nbsp;S1down
<LI><a href="#[e9]">&gt;&gt;</a>&nbsp;&nbsp;&nbsp;h1_e
<LI><a href="#[e8]">&gt;&gt;</a>&nbsp;&nbsp;&nbsp;h1_d
<LI><a href="#[e7]">&gt;&gt;</a>&nbsp;&nbsp;&nbsp;h1_c
<LI><a href="#[e6]">&gt;&gt;</a>&nbsp;&nbsp;&nbsp;h1_b
<LI><a href="#[e5]">&gt;&gt;</a>&nbsp;&nbsp;&nbsp;h1_a
<LI><a href="#[b1]">&gt;&gt;</a>&nbsp;&nbsp;&nbsp;g_e1
<LI><a href="#[af]">&gt;&gt;</a>&nbsp;&nbsp;&nbsp;g_e
<LI><a href="#[e3]">&gt;&gt;</a>&nbsp;&nbsp;&nbsp;g_a1
<LI><a href="#[e2]">&gt;&gt;</a>&nbsp;&nbsp;&nbsp;g_a
<LI><a href="#[dd]">&gt;&gt;</a>&nbsp;&nbsp;&nbsp;f_e1
<LI><a href="#[dc]">&gt;&gt;</a>&nbsp;&nbsp;&nbsp;f_e
<LI><a href="#[be]">&gt;&gt;</a>&nbsp;&nbsp;&nbsp;f_a1
<LI><a href="#[bc]">&gt;&gt;</a>&nbsp;&nbsp;&nbsp;f_a
<LI><a href="#[db]">&gt;&gt;</a>&nbsp;&nbsp;&nbsp;f1_e1
<LI><a href="#[da]">&gt;&gt;</a>&nbsp;&nbsp;&nbsp;f1_d1
<LI><a href="#[d9]">&gt;&gt;</a>&nbsp;&nbsp;&nbsp;f1_c1
<LI><a href="#[d8]">&gt;&gt;</a>&nbsp;&nbsp;&nbsp;f1_b1
<LI><a href="#[d7]">&gt;&gt;</a>&nbsp;&nbsp;&nbsp;f1_a1
<LI><a href="#[d6]">&gt;&gt;</a>&nbsp;&nbsp;&nbsp;e_h1
<LI><a href="#[d5]">&gt;&gt;</a>&nbsp;&nbsp;&nbsp;e_f1
<LI><a href="#[bb]">&gt;&gt;</a>&nbsp;&nbsp;&nbsp;e_f
<LI><a href="#[b6]">&gt;&gt;</a>&nbsp;&nbsp;&nbsp;e_e1
<LI><a href="#[c0]">&gt;&gt;</a>&nbsp;&nbsp;&nbsp;e_d1
<LI><a href="#[b3]">&gt;&gt;</a>&nbsp;&nbsp;&nbsp;e_c1
<LI><a href="#[b5]">&gt;&gt;</a>&nbsp;&nbsp;&nbsp;e_b1
<LI><a href="#[b0]">&gt;&gt;</a>&nbsp;&nbsp;&nbsp;e_a1
<LI><a href="#[b2]">&gt;&gt;</a>&nbsp;&nbsp;&nbsp;e1_m
<LI><a href="#[d4]">&gt;&gt;</a>&nbsp;&nbsp;&nbsp;e1_g
<LI><a href="#[d3]">&gt;&gt;</a>&nbsp;&nbsp;&nbsp;e1_f1
<LI><a href="#[d2]">&gt;&gt;</a>&nbsp;&nbsp;&nbsp;d_h1
<LI><a href="#[d1]">&gt;&gt;</a>&nbsp;&nbsp;&nbsp;d_f1
<LI><a href="#[d0]">&gt;&gt;</a>&nbsp;&nbsp;&nbsp;d1_m
<LI><a href="#[c2]">&gt;&gt;</a>&nbsp;&nbsp;&nbsp;d1_g
<LI><a href="#[cf]">&gt;&gt;</a>&nbsp;&nbsp;&nbsp;d1_f1
<LI><a href="#[bd]">&gt;&gt;</a>&nbsp;&nbsp;&nbsp;d1_f
<LI><a href="#[ce]">&gt;&gt;</a>&nbsp;&nbsp;&nbsp;d1_e
<LI><a href="#[ad]">&gt;&gt;</a>&nbsp;&nbsp;&nbsp;d1_a
<LI><a href="#[c7]">&gt;&gt;</a>&nbsp;&nbsp;&nbsp;c_h1
<LI><a href="#[ba]">&gt;&gt;</a>&nbsp;&nbsp;&nbsp;c_g
<LI><a href="#[c6]">&gt;&gt;</a>&nbsp;&nbsp;&nbsp;c_f1
<LI><a href="#[ac]">&gt;&gt;</a>&nbsp;&nbsp;&nbsp;c_d1
<LI><a href="#[c5]">&gt;&gt;</a>&nbsp;&nbsp;&nbsp;c_c1
<LI><a href="#[c4]">&gt;&gt;</a>&nbsp;&nbsp;&nbsp;c_b1
<LI><a href="#[b7]">&gt;&gt;</a>&nbsp;&nbsp;&nbsp;c1_m
<LI><a href="#[b4]">&gt;&gt;</a>&nbsp;&nbsp;&nbsp;c1_g
<LI><a href="#[c3]">&gt;&gt;</a>&nbsp;&nbsp;&nbsp;c1_f1
<LI><a href="#[bf]">&gt;&gt;</a>&nbsp;&nbsp;&nbsp;c1_f
<LI><a href="#[b8]">&gt;&gt;</a>&nbsp;&nbsp;&nbsp;c1_e
<LI><a href="#[c1]">&gt;&gt;</a>&nbsp;&nbsp;&nbsp;c1_a
<LI><a href="#[aa]">&gt;&gt;</a>&nbsp;&nbsp;&nbsp;b_h1
</UL>

<P><STRONG><a name="[76]"></a>TIM_SetCompare3</STRONG> (Thumb, 4 bytes, Stack size 0 bytes, stm32f10x_tim.o(i.TIM_SetCompare3))
<BR><BR>[Called By]<UL><LI><a href="#[75]">&gt;&gt;</a>&nbsp;&nbsp;&nbsp;Rightsudu
</UL>

<P><STRONG><a name="[70]"></a>TIM_SetCompare4</STRONG> (Thumb, 6 bytes, Stack size 0 bytes, stm32f10x_tim.o(i.TIM_SetCompare4))
<BR><BR>[Called By]<UL><LI><a href="#[6f]">&gt;&gt;</a>&nbsp;&nbsp;&nbsp;Leftsudu
</UL>

<P><STRONG><a name="[5e]"></a>TIM_TimeBaseInit</STRONG> (Thumb, 122 bytes, Stack size 0 bytes, stm32f10x_tim.o(i.TIM_TimeBaseInit))
<BR><BR>[Called By]<UL><LI><a href="#[82]">&gt;&gt;</a>&nbsp;&nbsp;&nbsp;TIM2_Configuration
<LI><a href="#[68]">&gt;&gt;</a>&nbsp;&nbsp;&nbsp;GENERAL_TIM_Mode_Config
<LI><a href="#[5c]">&gt;&gt;</a>&nbsp;&nbsp;&nbsp;GENERAL_TIM4_Mode_Config
</UL>

<P><STRONG><a name="[7c]"></a>TimingDelay_Decrement</STRONG> (Thumb, 18 bytes, Stack size 0 bytes, systick.o(i.TimingDelay_Decrement))
<BR><BR>[Called By]<UL><LI><a href="#[9]">&gt;&gt;</a>&nbsp;&nbsp;&nbsp;SysTick_Handler
</UL>

<P><STRONG><a name="[8a]"></a>USART_Cmd</STRONG> (Thumb, 24 bytes, Stack size 0 bytes, stm32f10x_usart.o(i.USART_Cmd))
<BR><BR>[Called By]<UL><LI><a href="#[88]">&gt;&gt;</a>&nbsp;&nbsp;&nbsp;USART_Config
</UL>

<P><STRONG><a name="[88]"></a>USART_Config</STRONG> (Thumb, 120 bytes, Stack size 24 bytes, usart.o(i.USART_Config))
<BR><BR>[Stack]<UL><LI>Max Depth = 92<LI>Call Chain = USART_Config &rArr; USART_Init &rArr; RCC_GetClocksFreq
</UL>
<BR>[Calls]<UL><LI><a href="#[4f]">&gt;&gt;</a>&nbsp;&nbsp;&nbsp;GPIO_Init
<LI><a href="#[4e]">&gt;&gt;</a>&nbsp;&nbsp;&nbsp;RCC_APB2PeriphClockCmd
<LI><a href="#[89]">&gt;&gt;</a>&nbsp;&nbsp;&nbsp;USART_Init
<LI><a href="#[8a]">&gt;&gt;</a>&nbsp;&nbsp;&nbsp;USART_Cmd
</UL>
<BR>[Called By]<UL><LI><a href="#[cc]">&gt;&gt;</a>&nbsp;&nbsp;&nbsp;color_a
<LI><a href="#[46]">&gt;&gt;</a>&nbsp;&nbsp;&nbsp;main
</UL>

<P><STRONG><a name="[e1]"></a>USART_GetFlagStatus</STRONG> (Thumb, 26 bytes, Stack size 0 bytes, stm32f10x_usart.o(i.USART_GetFlagStatus))
<BR><BR>[Called By]<UL><LI><a href="#[49]">&gt;&gt;</a>&nbsp;&nbsp;&nbsp;fputc
</UL>

<P><STRONG><a name="[89]"></a>USART_Init</STRONG> (Thumb, 210 bytes, Stack size 56 bytes, stm32f10x_usart.o(i.USART_Init))
<BR><BR>[Stack]<UL><LI>Max Depth = 68<LI>Call Chain = USART_Init &rArr; RCC_GetClocksFreq
</UL>
<BR>[Calls]<UL><LI><a href="#[8b]">&gt;&gt;</a>&nbsp;&nbsp;&nbsp;RCC_GetClocksFreq
</UL>
<BR>[Called By]<UL><LI><a href="#[88]">&gt;&gt;</a>&nbsp;&nbsp;&nbsp;USART_Config
</UL>

<P><STRONG><a name="[e0]"></a>USART_SendData</STRONG> (Thumb, 8 bytes, Stack size 0 bytes, stm32f10x_usart.o(i.USART_SendData))
<BR><BR>[Called By]<UL><LI><a href="#[49]">&gt;&gt;</a>&nbsp;&nbsp;&nbsp;fputc
</UL>

<P><STRONG><a name="[5]"></a>UsageFault_Handler</STRONG> (Thumb, 4 bytes, Stack size 0 bytes, stm32f10x_it.o(i.UsageFault_Handler))
<BR>[Address Reference Count : 1]<UL><LI> startup_stm32f10x_hd.o(RESET)
</UL>
<P><STRONG><a name="[8c]"></a>W_GPIO_Config</STRONG> (Thumb, 60 bytes, Stack size 8 bytes, move.o(i.W_GPIO_Config))
<BR><BR>[Stack]<UL><LI>Max Depth = 32<LI>Call Chain = W_GPIO_Config &rArr; GPIO_Init
</UL>
<BR>[Calls]<UL><LI><a href="#[4f]">&gt;&gt;</a>&nbsp;&nbsp;&nbsp;GPIO_Init
<LI><a href="#[4e]">&gt;&gt;</a>&nbsp;&nbsp;&nbsp;RCC_APB2PeriphClockCmd
</UL>
<BR>[Called By]<UL><LI><a href="#[46]">&gt;&gt;</a>&nbsp;&nbsp;&nbsp;main
</UL>

<P><STRONG><a name="[8d]"></a>__0printf$1</STRONG> (Thumb, 22 bytes, Stack size 24 bytes, printf1.o(i.__0printf$1), UNUSED)
<BR><BR>[Calls]<UL><LI><a href="#[8e]">&gt;&gt;</a>&nbsp;&nbsp;&nbsp;_printf_core
</UL>

<P><STRONG><a name="[10c]"></a>__1printf$1</STRONG> (Thumb, 0 bytes, Stack size 24 bytes, printf1.o(i.__0printf$1), UNUSED)

<P><STRONG><a name="[7f]"></a>__2printf</STRONG> (Thumb, 0 bytes, Stack size 24 bytes, printf1.o(i.__0printf$1))
<BR><BR>[Stack]<UL><LI>Max Depth = 24<LI>Call Chain = __2printf
</UL>
<BR>[Called By]<UL><LI><a href="#[7d]">&gt;&gt;</a>&nbsp;&nbsp;&nbsp;TCS230_Distinguish2
<LI><a href="#[93]">&gt;&gt;</a>&nbsp;&nbsp;&nbsp;qianjin_lukou2
<LI><a href="#[46]">&gt;&gt;</a>&nbsp;&nbsp;&nbsp;main
</UL>

<P><STRONG><a name="[10d]"></a>__scatterload_copy</STRONG> (Thumb, 14 bytes, Stack size unknown bytes, handlers.o(i.__scatterload_copy), UNUSED)

<P><STRONG><a name="[10e]"></a>__scatterload_null</STRONG> (Thumb, 2 bytes, Stack size unknown bytes, handlers.o(i.__scatterload_null), UNUSED)

<P><STRONG><a name="[10f]"></a>__scatterload_zeroinit</STRONG> (Thumb, 14 bytes, Stack size unknown bytes, handlers.o(i.__scatterload_zeroinit), UNUSED)

<P><STRONG><a name="[90]"></a>a1_e</STRONG> (Thumb, 66 bytes, Stack size 16 bytes, color.o(i.a1_e))
<BR><BR>[Stack]<UL><LI>Max Depth = 56<LI>Call Chain = a1_e &rArr; qianjin_lukou2 &rArr; stop &rArr; Rightsudu
</UL>
<BR>[Calls]<UL><LI><a href="#[92]">&gt;&gt;</a>&nbsp;&nbsp;&nbsp;turn_180
<LI><a href="#[91]">&gt;&gt;</a>&nbsp;&nbsp;&nbsp;houtui_delay
<LI><a href="#[96]">&gt;&gt;</a>&nbsp;&nbsp;&nbsp;zhuaqu_huidu
<LI><a href="#[93]">&gt;&gt;</a>&nbsp;&nbsp;&nbsp;qianjin_lukou2
<LI><a href="#[94]">&gt;&gt;</a>&nbsp;&nbsp;&nbsp;qianjin
<LI><a href="#[95]">&gt;&gt;</a>&nbsp;&nbsp;&nbsp;mangzou_guolukou
<LI><a href="#[6d]">&gt;&gt;</a>&nbsp;&nbsp;&nbsp;delay_us
<LI><a href="#[78]">&gt;&gt;</a>&nbsp;&nbsp;&nbsp;TIM_SetCompare1
</UL>
<BR>[Called By]<UL><LI><a href="#[102]">&gt;&gt;</a>&nbsp;&nbsp;&nbsp;wh1
<LI><a href="#[101]">&gt;&gt;</a>&nbsp;&nbsp;&nbsp;re1
<LI><a href="#[ab]">&gt;&gt;</a>&nbsp;&nbsp;&nbsp;bl1
</UL>

<P><STRONG><a name="[97]"></a>a1_f1</STRONG> (Thumb, 90 bytes, Stack size 16 bytes, color.o(i.a1_f1))
<BR><BR>[Stack]<UL><LI>Max Depth = 56<LI>Call Chain = a1_f1 &rArr; qianjin_lukou2 &rArr; stop &rArr; Rightsudu
</UL>
<BR>[Calls]<UL><LI><a href="#[92]">&gt;&gt;</a>&nbsp;&nbsp;&nbsp;turn_180
<LI><a href="#[91]">&gt;&gt;</a>&nbsp;&nbsp;&nbsp;houtui_delay
<LI><a href="#[96]">&gt;&gt;</a>&nbsp;&nbsp;&nbsp;zhuaqu_huidu
<LI><a href="#[93]">&gt;&gt;</a>&nbsp;&nbsp;&nbsp;qianjin_lukou2
<LI><a href="#[94]">&gt;&gt;</a>&nbsp;&nbsp;&nbsp;qianjin
<LI><a href="#[95]">&gt;&gt;</a>&nbsp;&nbsp;&nbsp;mangzou_guolukou
<LI><a href="#[6d]">&gt;&gt;</a>&nbsp;&nbsp;&nbsp;delay_us
<LI><a href="#[73]">&gt;&gt;</a>&nbsp;&nbsp;&nbsp;R_zhuanwan1
<LI><a href="#[78]">&gt;&gt;</a>&nbsp;&nbsp;&nbsp;TIM_SetCompare1
</UL>
<BR>[Called By]<UL><LI><a href="#[df]">&gt;&gt;</a>&nbsp;&nbsp;&nbsp;f_zhuaqvpanduan
</UL>

<P><STRONG><a name="[98]"></a>a1_g</STRONG> (Thumb, 94 bytes, Stack size 16 bytes, color.o(i.a1_g))
<BR><BR>[Stack]<UL><LI>Max Depth = 56<LI>Call Chain = a1_g &rArr; qianjin_lukou2 &rArr; stop &rArr; Rightsudu
</UL>
<BR>[Calls]<UL><LI><a href="#[92]">&gt;&gt;</a>&nbsp;&nbsp;&nbsp;turn_180
<LI><a href="#[91]">&gt;&gt;</a>&nbsp;&nbsp;&nbsp;houtui_delay
<LI><a href="#[96]">&gt;&gt;</a>&nbsp;&nbsp;&nbsp;zhuaqu_huidu
<LI><a href="#[93]">&gt;&gt;</a>&nbsp;&nbsp;&nbsp;qianjin_lukou2
<LI><a href="#[94]">&gt;&gt;</a>&nbsp;&nbsp;&nbsp;qianjin
<LI><a href="#[95]">&gt;&gt;</a>&nbsp;&nbsp;&nbsp;mangzou_guolukou
<LI><a href="#[6d]">&gt;&gt;</a>&nbsp;&nbsp;&nbsp;delay_us
<LI><a href="#[73]">&gt;&gt;</a>&nbsp;&nbsp;&nbsp;R_zhuanwan1
<LI><a href="#[78]">&gt;&gt;</a>&nbsp;&nbsp;&nbsp;TIM_SetCompare1
</UL>
<BR>[Called By]<UL><LI><a href="#[102]">&gt;&gt;</a>&nbsp;&nbsp;&nbsp;wh1
<LI><a href="#[101]">&gt;&gt;</a>&nbsp;&nbsp;&nbsp;re1
<LI><a href="#[b9]">&gt;&gt;</a>&nbsp;&nbsp;&nbsp;bu1
<LI><a href="#[ab]">&gt;&gt;</a>&nbsp;&nbsp;&nbsp;bl1
</UL>

<P><STRONG><a name="[99]"></a>a1_m</STRONG> (Thumb, 68 bytes, Stack size 8 bytes, color.o(i.a1_m))
<BR><BR>[Stack]<UL><LI>Max Depth = 48<LI>Call Chain = a1_m &rArr; qianjin_lukou2 &rArr; stop &rArr; Rightsudu
</UL>
<BR>[Calls]<UL><LI><a href="#[92]">&gt;&gt;</a>&nbsp;&nbsp;&nbsp;turn_180
<LI><a href="#[91]">&gt;&gt;</a>&nbsp;&nbsp;&nbsp;houtui_delay
<LI><a href="#[93]">&gt;&gt;</a>&nbsp;&nbsp;&nbsp;qianjin_lukou2
<LI><a href="#[94]">&gt;&gt;</a>&nbsp;&nbsp;&nbsp;qianjin
<LI><a href="#[95]">&gt;&gt;</a>&nbsp;&nbsp;&nbsp;mangzou_guolukou
<LI><a href="#[6d]">&gt;&gt;</a>&nbsp;&nbsp;&nbsp;delay_us
<LI><a href="#[73]">&gt;&gt;</a>&nbsp;&nbsp;&nbsp;R_zhuanwan1
<LI><a href="#[78]">&gt;&gt;</a>&nbsp;&nbsp;&nbsp;TIM_SetCompare1
</UL>
<BR>[Called By]<UL><LI><a href="#[102]">&gt;&gt;</a>&nbsp;&nbsp;&nbsp;wh1
<LI><a href="#[101]">&gt;&gt;</a>&nbsp;&nbsp;&nbsp;re1
<LI><a href="#[e4]">&gt;&gt;</a>&nbsp;&nbsp;&nbsp;gr1
<LI><a href="#[de]">&gt;&gt;</a>&nbsp;&nbsp;&nbsp;f_m_zhuaqvpanduan
<LI><a href="#[ab]">&gt;&gt;</a>&nbsp;&nbsp;&nbsp;bl1
</UL>

<P><STRONG><a name="[9a]"></a>a_a1</STRONG> (Thumb, 58 bytes, Stack size 16 bytes, color.o(i.a_a1))
<BR><BR>[Stack]<UL><LI>Max Depth = 48<LI>Call Chain = a_a1 &rArr; houtui_delay &rArr; houtui &rArr; Rightsudu
</UL>
<BR>[Calls]<UL><LI><a href="#[91]">&gt;&gt;</a>&nbsp;&nbsp;&nbsp;houtui_delay
<LI><a href="#[9b]">&gt;&gt;</a>&nbsp;&nbsp;&nbsp;h_houtuidelay
<LI><a href="#[96]">&gt;&gt;</a>&nbsp;&nbsp;&nbsp;zhuaqu_huidu
<LI><a href="#[94]">&gt;&gt;</a>&nbsp;&nbsp;&nbsp;qianjin
<LI><a href="#[6d]">&gt;&gt;</a>&nbsp;&nbsp;&nbsp;delay_us
<LI><a href="#[78]">&gt;&gt;</a>&nbsp;&nbsp;&nbsp;TIM_SetCompare1
</UL>
<BR>[Called By]<UL><LI><a href="#[102]">&gt;&gt;</a>&nbsp;&nbsp;&nbsp;wh1
<LI><a href="#[101]">&gt;&gt;</a>&nbsp;&nbsp;&nbsp;re1
<LI><a href="#[b9]">&gt;&gt;</a>&nbsp;&nbsp;&nbsp;bu1
<LI><a href="#[ab]">&gt;&gt;</a>&nbsp;&nbsp;&nbsp;bl1
</UL>

<P><STRONG><a name="[9c]"></a>a_b1</STRONG> (Thumb, 100 bytes, Stack size 16 bytes, color.o(i.a_b1))
<BR><BR>[Stack]<UL><LI>Max Depth = 56<LI>Call Chain = a_b1 &rArr; qianjin_lukou2 &rArr; stop &rArr; Rightsudu
</UL>
<BR>[Calls]<UL><LI><a href="#[92]">&gt;&gt;</a>&nbsp;&nbsp;&nbsp;turn_180
<LI><a href="#[91]">&gt;&gt;</a>&nbsp;&nbsp;&nbsp;houtui_delay
<LI><a href="#[9b]">&gt;&gt;</a>&nbsp;&nbsp;&nbsp;h_houtuidelay
<LI><a href="#[6b]">&gt;&gt;</a>&nbsp;&nbsp;&nbsp;L_zhuanwan
<LI><a href="#[96]">&gt;&gt;</a>&nbsp;&nbsp;&nbsp;zhuaqu_huidu
<LI><a href="#[93]">&gt;&gt;</a>&nbsp;&nbsp;&nbsp;qianjin_lukou2
<LI><a href="#[94]">&gt;&gt;</a>&nbsp;&nbsp;&nbsp;qianjin
<LI><a href="#[95]">&gt;&gt;</a>&nbsp;&nbsp;&nbsp;mangzou_guolukou
<LI><a href="#[6d]">&gt;&gt;</a>&nbsp;&nbsp;&nbsp;delay_us
<LI><a href="#[78]">&gt;&gt;</a>&nbsp;&nbsp;&nbsp;TIM_SetCompare1
</UL>
<BR>[Called By]<UL><LI><a href="#[101]">&gt;&gt;</a>&nbsp;&nbsp;&nbsp;re1
<LI><a href="#[e4]">&gt;&gt;</a>&nbsp;&nbsp;&nbsp;gr1
<LI><a href="#[b9]">&gt;&gt;</a>&nbsp;&nbsp;&nbsp;bu1
<LI><a href="#[ab]">&gt;&gt;</a>&nbsp;&nbsp;&nbsp;bl1
</UL>

<P><STRONG><a name="[9d]"></a>a_c1</STRONG> (Thumb, 90 bytes, Stack size 16 bytes, color.o(i.a_c1))
<BR><BR>[Stack]<UL><LI>Max Depth = 56<LI>Call Chain = a_c1 &rArr; qianjin_lukou2 &rArr; stop &rArr; Rightsudu
</UL>
<BR>[Calls]<UL><LI><a href="#[92]">&gt;&gt;</a>&nbsp;&nbsp;&nbsp;turn_180
<LI><a href="#[91]">&gt;&gt;</a>&nbsp;&nbsp;&nbsp;houtui_delay
<LI><a href="#[9b]">&gt;&gt;</a>&nbsp;&nbsp;&nbsp;h_houtuidelay
<LI><a href="#[6b]">&gt;&gt;</a>&nbsp;&nbsp;&nbsp;L_zhuanwan
<LI><a href="#[96]">&gt;&gt;</a>&nbsp;&nbsp;&nbsp;zhuaqu_huidu
<LI><a href="#[93]">&gt;&gt;</a>&nbsp;&nbsp;&nbsp;qianjin_lukou2
<LI><a href="#[94]">&gt;&gt;</a>&nbsp;&nbsp;&nbsp;qianjin
<LI><a href="#[95]">&gt;&gt;</a>&nbsp;&nbsp;&nbsp;mangzou_guolukou
<LI><a href="#[6d]">&gt;&gt;</a>&nbsp;&nbsp;&nbsp;delay_us
<LI><a href="#[78]">&gt;&gt;</a>&nbsp;&nbsp;&nbsp;TIM_SetCompare1
</UL>
<BR>[Called By]<UL><LI><a href="#[102]">&gt;&gt;</a>&nbsp;&nbsp;&nbsp;wh1
<LI><a href="#[e4]">&gt;&gt;</a>&nbsp;&nbsp;&nbsp;gr1
<LI><a href="#[b9]">&gt;&gt;</a>&nbsp;&nbsp;&nbsp;bu1
<LI><a href="#[ab]">&gt;&gt;</a>&nbsp;&nbsp;&nbsp;bl1
</UL>

<P><STRONG><a name="[9e]"></a>a_d1</STRONG> (Thumb, 90 bytes, Stack size 16 bytes, color.o(i.a_d1))
<BR><BR>[Stack]<UL><LI>Max Depth = 56<LI>Call Chain = a_d1 &rArr; qianjin_lukou2 &rArr; stop &rArr; Rightsudu
</UL>
<BR>[Calls]<UL><LI><a href="#[92]">&gt;&gt;</a>&nbsp;&nbsp;&nbsp;turn_180
<LI><a href="#[91]">&gt;&gt;</a>&nbsp;&nbsp;&nbsp;houtui_delay
<LI><a href="#[9b]">&gt;&gt;</a>&nbsp;&nbsp;&nbsp;h_houtuidelay
<LI><a href="#[6b]">&gt;&gt;</a>&nbsp;&nbsp;&nbsp;L_zhuanwan
<LI><a href="#[96]">&gt;&gt;</a>&nbsp;&nbsp;&nbsp;zhuaqu_huidu
<LI><a href="#[93]">&gt;&gt;</a>&nbsp;&nbsp;&nbsp;qianjin_lukou2
<LI><a href="#[94]">&gt;&gt;</a>&nbsp;&nbsp;&nbsp;qianjin
<LI><a href="#[95]">&gt;&gt;</a>&nbsp;&nbsp;&nbsp;mangzou_guolukou
<LI><a href="#[6d]">&gt;&gt;</a>&nbsp;&nbsp;&nbsp;delay_us
<LI><a href="#[78]">&gt;&gt;</a>&nbsp;&nbsp;&nbsp;TIM_SetCompare1
</UL>
<BR>[Called By]<UL><LI><a href="#[102]">&gt;&gt;</a>&nbsp;&nbsp;&nbsp;wh1
<LI><a href="#[101]">&gt;&gt;</a>&nbsp;&nbsp;&nbsp;re1
<LI><a href="#[e4]">&gt;&gt;</a>&nbsp;&nbsp;&nbsp;gr1
<LI><a href="#[b9]">&gt;&gt;</a>&nbsp;&nbsp;&nbsp;bu1
</UL>

<P><STRONG><a name="[9f]"></a>a_f</STRONG> (Thumb, 68 bytes, Stack size 16 bytes, color.o(i.a_f))
<BR><BR>[Stack]<UL><LI>Max Depth = 56<LI>Call Chain = a_f &rArr; mangzou_guolukou &rArr; stop &rArr; Rightsudu
</UL>
<BR>[Calls]<UL><LI><a href="#[92]">&gt;&gt;</a>&nbsp;&nbsp;&nbsp;turn_180
<LI><a href="#[91]">&gt;&gt;</a>&nbsp;&nbsp;&nbsp;houtui_delay
<LI><a href="#[96]">&gt;&gt;</a>&nbsp;&nbsp;&nbsp;zhuaqu_huidu
<LI><a href="#[95]">&gt;&gt;</a>&nbsp;&nbsp;&nbsp;mangzou_guolukou
<LI><a href="#[6d]">&gt;&gt;</a>&nbsp;&nbsp;&nbsp;delay_us
<LI><a href="#[73]">&gt;&gt;</a>&nbsp;&nbsp;&nbsp;R_zhuanwan1
<LI><a href="#[78]">&gt;&gt;</a>&nbsp;&nbsp;&nbsp;TIM_SetCompare1
</UL>
<BR>[Called By]<UL><LI><a href="#[e4]">&gt;&gt;</a>&nbsp;&nbsp;&nbsp;gr1
</UL>

<P><STRONG><a name="[a0]"></a>a_f1</STRONG> (Thumb, 74 bytes, Stack size 16 bytes, color.o(i.a_f1))
<BR><BR>[Stack]<UL><LI>Max Depth = 56<LI>Call Chain = a_f1 &rArr; qianjin_lukou2 &rArr; stop &rArr; Rightsudu
</UL>
<BR>[Calls]<UL><LI><a href="#[92]">&gt;&gt;</a>&nbsp;&nbsp;&nbsp;turn_180
<LI><a href="#[91]">&gt;&gt;</a>&nbsp;&nbsp;&nbsp;houtui_delay
<LI><a href="#[96]">&gt;&gt;</a>&nbsp;&nbsp;&nbsp;zhuaqu_huidu
<LI><a href="#[93]">&gt;&gt;</a>&nbsp;&nbsp;&nbsp;qianjin_lukou2
<LI><a href="#[95]">&gt;&gt;</a>&nbsp;&nbsp;&nbsp;mangzou_guolukou
<LI><a href="#[6d]">&gt;&gt;</a>&nbsp;&nbsp;&nbsp;delay_us
<LI><a href="#[73]">&gt;&gt;</a>&nbsp;&nbsp;&nbsp;R_zhuanwan1
<LI><a href="#[78]">&gt;&gt;</a>&nbsp;&nbsp;&nbsp;TIM_SetCompare1
</UL>
<BR>[Called By]<UL><LI><a href="#[ea]">&gt;&gt;</a>&nbsp;&nbsp;&nbsp;h_f1_zhuaqvpanduan
</UL>

<P><STRONG><a name="[a1]"></a>a_g</STRONG> (Thumb, 78 bytes, Stack size 16 bytes, color.o(i.a_g))
<BR><BR>[Stack]<UL><LI>Max Depth = 56<LI>Call Chain = a_g &rArr; mangzou_guolukou &rArr; stop &rArr; Rightsudu
</UL>
<BR>[Calls]<UL><LI><a href="#[92]">&gt;&gt;</a>&nbsp;&nbsp;&nbsp;turn_180
<LI><a href="#[91]">&gt;&gt;</a>&nbsp;&nbsp;&nbsp;houtui_delay
<LI><a href="#[96]">&gt;&gt;</a>&nbsp;&nbsp;&nbsp;zhuaqu_huidu
<LI><a href="#[94]">&gt;&gt;</a>&nbsp;&nbsp;&nbsp;qianjin
<LI><a href="#[95]">&gt;&gt;</a>&nbsp;&nbsp;&nbsp;mangzou_guolukou
<LI><a href="#[6d]">&gt;&gt;</a>&nbsp;&nbsp;&nbsp;delay_us
<LI><a href="#[73]">&gt;&gt;</a>&nbsp;&nbsp;&nbsp;R_zhuanwan1
<LI><a href="#[78]">&gt;&gt;</a>&nbsp;&nbsp;&nbsp;TIM_SetCompare1
</UL>
<BR>[Called By]<UL><LI><a href="#[102]">&gt;&gt;</a>&nbsp;&nbsp;&nbsp;wh1
<LI><a href="#[101]">&gt;&gt;</a>&nbsp;&nbsp;&nbsp;re1
<LI><a href="#[ab]">&gt;&gt;</a>&nbsp;&nbsp;&nbsp;bl1
</UL>

<P><STRONG><a name="[a2]"></a>a_h1</STRONG> (Thumb, 74 bytes, Stack size 16 bytes, color.o(i.a_h1))
<BR><BR>[Stack]<UL><LI>Max Depth = 56<LI>Call Chain = a_h1 &rArr; qianjin_lukou2 &rArr; stop &rArr; Rightsudu
</UL>
<BR>[Calls]<UL><LI><a href="#[92]">&gt;&gt;</a>&nbsp;&nbsp;&nbsp;turn_180
<LI><a href="#[91]">&gt;&gt;</a>&nbsp;&nbsp;&nbsp;houtui_delay
<LI><a href="#[96]">&gt;&gt;</a>&nbsp;&nbsp;&nbsp;zhuaqu_huidu
<LI><a href="#[93]">&gt;&gt;</a>&nbsp;&nbsp;&nbsp;qianjin_lukou2
<LI><a href="#[95]">&gt;&gt;</a>&nbsp;&nbsp;&nbsp;mangzou_guolukou
<LI><a href="#[6d]">&gt;&gt;</a>&nbsp;&nbsp;&nbsp;delay_us
<LI><a href="#[73]">&gt;&gt;</a>&nbsp;&nbsp;&nbsp;R_zhuanwan1
<LI><a href="#[78]">&gt;&gt;</a>&nbsp;&nbsp;&nbsp;TIM_SetCompare1
</UL>
<BR>[Called By]<UL><LI><a href="#[ec]">&gt;&gt;</a>&nbsp;&nbsp;&nbsp;h_zhuaqvpanduan
</UL>

<P><STRONG><a name="[a3]"></a>b1_a</STRONG> (Thumb, 94 bytes, Stack size 16 bytes, color.o(i.b1_a))
<BR><BR>[Stack]<UL><LI>Max Depth = 56<LI>Call Chain = b1_a &rArr; qianjin_lukou2 &rArr; stop &rArr; Rightsudu
</UL>
<BR>[Calls]<UL><LI><a href="#[92]">&gt;&gt;</a>&nbsp;&nbsp;&nbsp;turn_180
<LI><a href="#[91]">&gt;&gt;</a>&nbsp;&nbsp;&nbsp;houtui_delay
<LI><a href="#[96]">&gt;&gt;</a>&nbsp;&nbsp;&nbsp;zhuaqu_huidu
<LI><a href="#[93]">&gt;&gt;</a>&nbsp;&nbsp;&nbsp;qianjin_lukou2
<LI><a href="#[94]">&gt;&gt;</a>&nbsp;&nbsp;&nbsp;qianjin
<LI><a href="#[95]">&gt;&gt;</a>&nbsp;&nbsp;&nbsp;mangzou_guolukou
<LI><a href="#[6d]">&gt;&gt;</a>&nbsp;&nbsp;&nbsp;delay_us
<LI><a href="#[73]">&gt;&gt;</a>&nbsp;&nbsp;&nbsp;R_zhuanwan1
<LI><a href="#[78]">&gt;&gt;</a>&nbsp;&nbsp;&nbsp;TIM_SetCompare1
</UL>
<BR>[Called By]<UL><LI><a href="#[102]">&gt;&gt;</a>&nbsp;&nbsp;&nbsp;wh1
<LI><a href="#[b9]">&gt;&gt;</a>&nbsp;&nbsp;&nbsp;bu1
</UL>

<P><STRONG><a name="[a4]"></a>b1_e</STRONG> (Thumb, 94 bytes, Stack size 16 bytes, color.o(i.b1_e))
<BR><BR>[Stack]<UL><LI>Max Depth = 56<LI>Call Chain = b1_e &rArr; qianjin_lukou2 &rArr; stop &rArr; Rightsudu
</UL>
<BR>[Calls]<UL><LI><a href="#[92]">&gt;&gt;</a>&nbsp;&nbsp;&nbsp;turn_180
<LI><a href="#[91]">&gt;&gt;</a>&nbsp;&nbsp;&nbsp;houtui_delay
<LI><a href="#[6b]">&gt;&gt;</a>&nbsp;&nbsp;&nbsp;L_zhuanwan
<LI><a href="#[96]">&gt;&gt;</a>&nbsp;&nbsp;&nbsp;zhuaqu_huidu
<LI><a href="#[93]">&gt;&gt;</a>&nbsp;&nbsp;&nbsp;qianjin_lukou2
<LI><a href="#[94]">&gt;&gt;</a>&nbsp;&nbsp;&nbsp;qianjin
<LI><a href="#[95]">&gt;&gt;</a>&nbsp;&nbsp;&nbsp;mangzou_guolukou
<LI><a href="#[6d]">&gt;&gt;</a>&nbsp;&nbsp;&nbsp;delay_us
<LI><a href="#[78]">&gt;&gt;</a>&nbsp;&nbsp;&nbsp;TIM_SetCompare1
</UL>
<BR>[Called By]<UL><LI><a href="#[101]">&gt;&gt;</a>&nbsp;&nbsp;&nbsp;re1
<LI><a href="#[e4]">&gt;&gt;</a>&nbsp;&nbsp;&nbsp;gr1
<LI><a href="#[ab]">&gt;&gt;</a>&nbsp;&nbsp;&nbsp;bl1
</UL>

<P><STRONG><a name="[a5]"></a>b1_f</STRONG> (Thumb, 66 bytes, Stack size 16 bytes, color.o(i.b1_f))
<BR><BR>[Stack]<UL><LI>Max Depth = 56<LI>Call Chain = b1_f &rArr; qianjin_lukou2 &rArr; stop &rArr; Rightsudu
</UL>
<BR>[Calls]<UL><LI><a href="#[92]">&gt;&gt;</a>&nbsp;&nbsp;&nbsp;turn_180
<LI><a href="#[91]">&gt;&gt;</a>&nbsp;&nbsp;&nbsp;houtui_delay
<LI><a href="#[96]">&gt;&gt;</a>&nbsp;&nbsp;&nbsp;zhuaqu_huidu
<LI><a href="#[93]">&gt;&gt;</a>&nbsp;&nbsp;&nbsp;qianjin_lukou2
<LI><a href="#[94]">&gt;&gt;</a>&nbsp;&nbsp;&nbsp;qianjin
<LI><a href="#[95]">&gt;&gt;</a>&nbsp;&nbsp;&nbsp;mangzou_guolukou
<LI><a href="#[6d]">&gt;&gt;</a>&nbsp;&nbsp;&nbsp;delay_us
<LI><a href="#[78]">&gt;&gt;</a>&nbsp;&nbsp;&nbsp;TIM_SetCompare1
</UL>
<BR>[Called By]<UL><LI><a href="#[e4]">&gt;&gt;</a>&nbsp;&nbsp;&nbsp;gr1
<LI><a href="#[b9]">&gt;&gt;</a>&nbsp;&nbsp;&nbsp;bu1
</UL>

<P><STRONG><a name="[a6]"></a>b1_f1</STRONG> (Thumb, 72 bytes, Stack size 16 bytes, color.o(i.b1_f1))
<BR><BR>[Stack]<UL><LI>Max Depth = 56<LI>Call Chain = b1_f1 &rArr; qianjin_lukou2 &rArr; stop &rArr; Rightsudu
</UL>
<BR>[Calls]<UL><LI><a href="#[92]">&gt;&gt;</a>&nbsp;&nbsp;&nbsp;turn_180
<LI><a href="#[91]">&gt;&gt;</a>&nbsp;&nbsp;&nbsp;houtui_delay
<LI><a href="#[96]">&gt;&gt;</a>&nbsp;&nbsp;&nbsp;zhuaqu_huidu
<LI><a href="#[93]">&gt;&gt;</a>&nbsp;&nbsp;&nbsp;qianjin_lukou2
<LI><a href="#[94]">&gt;&gt;</a>&nbsp;&nbsp;&nbsp;qianjin
<LI><a href="#[95]">&gt;&gt;</a>&nbsp;&nbsp;&nbsp;mangzou_guolukou
<LI><a href="#[6d]">&gt;&gt;</a>&nbsp;&nbsp;&nbsp;delay_us
<LI><a href="#[78]">&gt;&gt;</a>&nbsp;&nbsp;&nbsp;TIM_SetCompare1
</UL>
<BR>[Called By]<UL><LI><a href="#[df]">&gt;&gt;</a>&nbsp;&nbsp;&nbsp;f_zhuaqvpanduan
</UL>

<P><STRONG><a name="[a7]"></a>b1_g</STRONG> (Thumb, 84 bytes, Stack size 16 bytes, color.o(i.b1_g))
<BR><BR>[Stack]<UL><LI>Max Depth = 56<LI>Call Chain = b1_g &rArr; qianjin_lukou2 &rArr; stop &rArr; Rightsudu
</UL>
<BR>[Calls]<UL><LI><a href="#[92]">&gt;&gt;</a>&nbsp;&nbsp;&nbsp;turn_180
<LI><a href="#[91]">&gt;&gt;</a>&nbsp;&nbsp;&nbsp;houtui_delay
<LI><a href="#[96]">&gt;&gt;</a>&nbsp;&nbsp;&nbsp;zhuaqu_huidu
<LI><a href="#[93]">&gt;&gt;</a>&nbsp;&nbsp;&nbsp;qianjin_lukou2
<LI><a href="#[94]">&gt;&gt;</a>&nbsp;&nbsp;&nbsp;qianjin
<LI><a href="#[95]">&gt;&gt;</a>&nbsp;&nbsp;&nbsp;mangzou_guolukou
<LI><a href="#[6d]">&gt;&gt;</a>&nbsp;&nbsp;&nbsp;delay_us
<LI><a href="#[73]">&gt;&gt;</a>&nbsp;&nbsp;&nbsp;R_zhuanwan1
<LI><a href="#[78]">&gt;&gt;</a>&nbsp;&nbsp;&nbsp;TIM_SetCompare1
</UL>
<BR>[Called By]<UL><LI><a href="#[101]">&gt;&gt;</a>&nbsp;&nbsp;&nbsp;re1
<LI><a href="#[e4]">&gt;&gt;</a>&nbsp;&nbsp;&nbsp;gr1
<LI><a href="#[b9]">&gt;&gt;</a>&nbsp;&nbsp;&nbsp;bu1
<LI><a href="#[ab]">&gt;&gt;</a>&nbsp;&nbsp;&nbsp;bl1
</UL>

<P><STRONG><a name="[a8]"></a>b1_m</STRONG> (Thumb, 68 bytes, Stack size 8 bytes, color.o(i.b1_m))
<BR><BR>[Stack]<UL><LI>Max Depth = 48<LI>Call Chain = b1_m &rArr; qianjin_lukou2 &rArr; stop &rArr; Rightsudu
</UL>
<BR>[Calls]<UL><LI><a href="#[92]">&gt;&gt;</a>&nbsp;&nbsp;&nbsp;turn_180
<LI><a href="#[91]">&gt;&gt;</a>&nbsp;&nbsp;&nbsp;houtui_delay
<LI><a href="#[93]">&gt;&gt;</a>&nbsp;&nbsp;&nbsp;qianjin_lukou2
<LI><a href="#[94]">&gt;&gt;</a>&nbsp;&nbsp;&nbsp;qianjin
<LI><a href="#[95]">&gt;&gt;</a>&nbsp;&nbsp;&nbsp;mangzou_guolukou
<LI><a href="#[6d]">&gt;&gt;</a>&nbsp;&nbsp;&nbsp;delay_us
<LI><a href="#[73]">&gt;&gt;</a>&nbsp;&nbsp;&nbsp;R_zhuanwan1
<LI><a href="#[78]">&gt;&gt;</a>&nbsp;&nbsp;&nbsp;TIM_SetCompare1
</UL>
<BR>[Called By]<UL><LI><a href="#[101]">&gt;&gt;</a>&nbsp;&nbsp;&nbsp;re1
<LI><a href="#[de]">&gt;&gt;</a>&nbsp;&nbsp;&nbsp;f_m_zhuaqvpanduan
<LI><a href="#[ab]">&gt;&gt;</a>&nbsp;&nbsp;&nbsp;bl1
</UL>

<P><STRONG><a name="[a9]"></a>b_f1</STRONG> (Thumb, 56 bytes, Stack size 16 bytes, color.o(i.b_f1))
<BR><BR>[Stack]<UL><LI>Max Depth = 56<LI>Call Chain = b_f1 &rArr; qianjin_lukou2 &rArr; stop &rArr; Rightsudu
</UL>
<BR>[Calls]<UL><LI><a href="#[92]">&gt;&gt;</a>&nbsp;&nbsp;&nbsp;turn_180
<LI><a href="#[91]">&gt;&gt;</a>&nbsp;&nbsp;&nbsp;houtui_delay
<LI><a href="#[96]">&gt;&gt;</a>&nbsp;&nbsp;&nbsp;zhuaqu_huidu
<LI><a href="#[93]">&gt;&gt;</a>&nbsp;&nbsp;&nbsp;qianjin_lukou2
<LI><a href="#[95]">&gt;&gt;</a>&nbsp;&nbsp;&nbsp;mangzou_guolukou
<LI><a href="#[6d]">&gt;&gt;</a>&nbsp;&nbsp;&nbsp;delay_us
<LI><a href="#[78]">&gt;&gt;</a>&nbsp;&nbsp;&nbsp;TIM_SetCompare1
</UL>
<BR>[Called By]<UL><LI><a href="#[ea]">&gt;&gt;</a>&nbsp;&nbsp;&nbsp;h_f1_zhuaqvpanduan
</UL>

<P><STRONG><a name="[aa]"></a>b_h1</STRONG> (Thumb, 74 bytes, Stack size 16 bytes, color.o(i.b_h1))
<BR><BR>[Stack]<UL><LI>Max Depth = 56<LI>Call Chain = b_h1 &rArr; qianjin_lukou2 &rArr; stop &rArr; Rightsudu
</UL>
<BR>[Calls]<UL><LI><a href="#[92]">&gt;&gt;</a>&nbsp;&nbsp;&nbsp;turn_180
<LI><a href="#[91]">&gt;&gt;</a>&nbsp;&nbsp;&nbsp;houtui_delay
<LI><a href="#[96]">&gt;&gt;</a>&nbsp;&nbsp;&nbsp;zhuaqu_huidu
<LI><a href="#[93]">&gt;&gt;</a>&nbsp;&nbsp;&nbsp;qianjin_lukou2
<LI><a href="#[95]">&gt;&gt;</a>&nbsp;&nbsp;&nbsp;mangzou_guolukou
<LI><a href="#[6d]">&gt;&gt;</a>&nbsp;&nbsp;&nbsp;delay_us
<LI><a href="#[73]">&gt;&gt;</a>&nbsp;&nbsp;&nbsp;R_zhuanwan1
<LI><a href="#[78]">&gt;&gt;</a>&nbsp;&nbsp;&nbsp;TIM_SetCompare1
</UL>
<BR>[Called By]<UL><LI><a href="#[ec]">&gt;&gt;</a>&nbsp;&nbsp;&nbsp;h_zhuaqvpanduan
</UL>

<P><STRONG><a name="[ab]"></a>bl1</STRONG> (Thumb, 450 bytes, Stack size 8 bytes, color.o(i.bl1))
[...]
<BR><BR>[Stack]<UL><LI>Max Depth = 108<LI>Call Chain = re1 &rArr; color &rArr; color3 &rArr; TCS230_Distinguish2 &rArr; TCS230_Read_Num2 &rArr; TCS230_Start2 &rArr; EXTI_PG2_Config_on &rArr; GPIO_EXTILineConfig
</UL>
<BR>[Calls]<UL><LI><a href="#[a8]">&gt;&gt;</a>&nbsp;&nbsp;&nbsp;b1_m
<LI><a href="#[a7]">&gt;&gt;</a>&nbsp;&nbsp;&nbsp;b1_g
<LI><a href="#[a4]">&gt;&gt;</a>&nbsp;&nbsp;&nbsp;b1_e
<LI><a href="#[a1]">&gt;&gt;</a>&nbsp;&nbsp;&nbsp;a_g
<LI><a href="#[9e]">&gt;&gt;</a>&nbsp;&nbsp;&nbsp;a_d1
<LI><a href="#[9c]">&gt;&gt;</a>&nbsp;&nbsp;&nbsp;a_b1
<LI><a href="#[9a]">&gt;&gt;</a>&nbsp;&nbsp;&nbsp;a_a1
<LI><a href="#[99]">&gt;&gt;</a>&nbsp;&nbsp;&nbsp;a1_m
<LI><a href="#[98]">&gt;&gt;</a>&nbsp;&nbsp;&nbsp;a1_g
<LI><a href="#[90]">&gt;&gt;</a>&nbsp;&nbsp;&nbsp;a1_e
<LI><a href="#[6d]">&gt;&gt;</a>&nbsp;&nbsp;&nbsp;delay_us
<LI><a href="#[b1]">&gt;&gt;</a>&nbsp;&nbsp;&nbsp;g_e1
<LI><a href="#[af]">&gt;&gt;</a>&nbsp;&nbsp;&nbsp;g_e
<LI><a href="#[b6]">&gt;&gt;</a>&nbsp;&nbsp;&nbsp;e_e1
<LI><a href="#[c0]">&gt;&gt;</a>&nbsp;&nbsp;&nbsp;e_d1
<LI><a href="#[b5]">&gt;&gt;</a>&nbsp;&nbsp;&nbsp;e_b1
<LI><a href="#[b0]">&gt;&gt;</a>&nbsp;&nbsp;&nbsp;e_a1
<LI><a href="#[b2]">&gt;&gt;</a>&nbsp;&nbsp;&nbsp;e1_m
<LI><a href="#[d0]">&gt;&gt;</a>&nbsp;&nbsp;&nbsp;d1_m
<LI><a href="#[c2]">&gt;&gt;</a>&nbsp;&nbsp;&nbsp;d1_g
<LI><a href="#[ce]">&gt;&gt;</a>&nbsp;&nbsp;&nbsp;d1_e
<LI><a href="#[ae]">&gt;&gt;</a>&nbsp;&nbsp;&nbsp;color
<LI><a href="#[c5]">&gt;&gt;</a>&nbsp;&nbsp;&nbsp;c_c1
<LI><a href="#[c1]">&gt;&gt;</a>&nbsp;&nbsp;&nbsp;c1_a
</UL>
<BR>[Called By]<UL><LI><a href="#[fd]">&gt;&gt;</a>&nbsp;&nbsp;&nbsp;renwu1
</UL>

<P><STRONG><a name="[fd]"></a>renwu1</STRONG> (Thumb, 64 bytes, Stack size 8 bytes, color.o(i.renwu1))
<BR><BR>[Stack]<UL><LI>Max Depth = 116<LI>Call Chain = renwu1 &rArr; wh1 &rArr; color &rArr; color3 &rArr; TCS230_Distinguish2 &rArr; TCS230_Read_Num2 &rArr; TCS230_Start2 &rArr; EXTI_PG2_Config_on &rArr; GPIO_EXTILineConfig
</UL>
<BR>[Calls]<UL><LI><a href="#[6d]">&gt;&gt;</a>&nbsp;&nbsp;&nbsp;delay_us
<LI><a href="#[102]">&gt;&gt;</a>&nbsp;&nbsp;&nbsp;wh1
<LI><a href="#[101]">&gt;&gt;</a>&nbsp;&nbsp;&nbsp;re1
<LI><a href="#[e4]">&gt;&gt;</a>&nbsp;&nbsp;&nbsp;gr1
<LI><a href="#[ae]">&gt;&gt;</a>&nbsp;&nbsp;&nbsp;color
<LI><a href="#[b9]">&gt;&gt;</a>&nbsp;&nbsp;&nbsp;bu1
<LI><a href="#[ab]">&gt;&gt;</a>&nbsp;&nbsp;&nbsp;bl1
</UL>
<BR>[Called By]<UL><LI><a href="#[46]">&gt;&gt;</a>&nbsp;&nbsp;&nbsp;main
</UL>

<P><STRONG><a name="[ff]"></a>renwu2_f</STRONG> (Thumb, 34 bytes, Stack size 8 bytes, color.o(i.renwu2_f))
<BR><BR>[Stack]<UL><LI>Max Depth = 116<LI>Call Chain = renwu2_f &rArr; f_zhuaqvpanduan &rArr; color &rArr; color3 &rArr; TCS230_Distinguish2 &rArr; TCS230_Read_Num2 &rArr; TCS230_Start2 &rArr; EXTI_PG2_Config_on &rArr; GPIO_EXTILineConfig
</UL>
<BR>[Calls]<UL><LI><a href="#[78]">&gt;&gt;</a>&nbsp;&nbsp;&nbsp;TIM_SetCompare1
<LI><a href="#[df]">&gt;&gt;</a>&nbsp;&nbsp;&nbsp;f_zhuaqvpanduan
<LI><a href="#[de]">&gt;&gt;</a>&nbsp;&nbsp;&nbsp;f_m_zhuaqvpanduan
</UL>
<BR>[Called By]<UL><LI><a href="#[46]">&gt;&gt;</a>&nbsp;&nbsp;&nbsp;main
</UL>

<P><STRONG><a name="[fe]"></a>renwu2_h</STRONG> (Thumb, 34 bytes, Stack size 8 bytes, color.o(i.renwu2_h))
<BR><BR>[Stack]<UL><LI>Max Depth = 116<LI>Call Chain = renwu2_h &rArr; h_zhuaqvpanduan &rArr; color &rArr; color3 &rArr; TCS230_Distinguish2 &rArr; TCS230_Read_Num2 &rArr; TCS230_Start2 &rArr; EXTI_PG2_Config_on &rArr; GPIO_EXTILineConfig
</UL>
<BR>[Calls]<UL><LI><a href="#[78]">&gt;&gt;</a>&nbsp;&nbsp;&nbsp;TIM_SetCompare1
<LI><a href="#[ec]">&gt;&gt;</a>&nbsp;&nbsp;&nbsp;h_zhuaqvpanduan
<LI><a href="#[ea]">&gt;&gt;</a>&nbsp;&nbsp;&nbsp;h_f1_zhuaqvpanduan
</UL>
<BR>[Called By]<UL><LI><a href="#[46]">&gt;&gt;</a>&nbsp;&nbsp;&nbsp;main
</UL>

<P><STRONG><a name="[100]"></a>scan</STRONG> (Thumb, 24 bytes, Stack size 16 bytes, huidu.o(i.scan))
<BR><BR>[Stack]<UL><LI>Max Depth = 16<LI>Call Chain = scan
</UL>
<BR>[Calls]<UL><LI><a href="#[103]">&gt;&gt;</a>&nbsp;&nbsp;&nbsp;GPIO_ReadInputDataBit
</UL>
<BR>[Called By]<UL><LI><a href="#[96]">&gt;&gt;</a>&nbsp;&nbsp;&nbsp;zhuaqu_huidu
<LI><a href="#[fc]">&gt;&gt;</a>&nbsp;&nbsp;&nbsp;qianjin_xunji
<LI><a href="#[93]">&gt;&gt;</a>&nbsp;&nbsp;&nbsp;qianjin_lukou2
<LI><a href="#[95]">&gt;&gt;</a>&nbsp;&nbsp;&nbsp;mangzou_guolukou
</UL>

<P><STRONG><a name="[6e]"></a>stop</STRONG> (Thumb, 20 bytes, Stack size 8 bytes, move.o(i.stop))
<BR><BR>[Stack]<UL><LI>Max Depth = 24<LI>Call Chain = stop &rArr; Rightsudu
</UL>
<BR>[Calls]<UL><LI><a href="#[75]">&gt;&gt;</a>&nbsp;&nbsp;&nbsp;Rightsudu
<LI><a href="#[6f]">&gt;&gt;</a>&nbsp;&nbsp;&nbsp;Leftsudu
</UL>
<BR>[Called By]<UL><LI><a href="#[92]">&gt;&gt;</a>&nbsp;&nbsp;&nbsp;turn_180
<LI><a href="#[9b]">&gt;&gt;</a>&nbsp;&nbsp;&nbsp;h_houtuidelay
<LI><a href="#[6b]">&gt;&gt;</a>&nbsp;&nbsp;&nbsp;L_zhuanwan
<LI><a href="#[96]">&gt;&gt;</a>&nbsp;&nbsp;&nbsp;zhuaqu_huidu
<LI><a href="#[93]">&gt;&gt;</a>&nbsp;&nbsp;&nbsp;qianjin_lukou2
<LI><a href="#[95]">&gt;&gt;</a>&nbsp;&nbsp;&nbsp;mangzou_guolukou
<LI><a href="#[73]">&gt;&gt;</a>&nbsp;&nbsp;&nbsp;R_zhuanwan1
<LI><a href="#[46]">&gt;&gt;</a>&nbsp;&nbsp;&nbsp;main
</UL>

<P><STRONG><a name="[92]"></a>turn_180</STRONG> (Thumb, 28 bytes, Stack size 8 bytes, move.o(i.turn_180))
<BR><BR>[Stack]<UL><LI>Max Depth = 32<LI>Call Chain = turn_180 &rArr; turn_left &rArr; Rightsudu
</UL>
<BR>[Calls]<UL><LI><a href="#[6c]">&gt;&gt;</a>&nbsp;&nbsp;&nbsp;turn_left
<LI><a href="#[eb]">&gt;&gt;</a>&nbsp;&nbsp;&nbsp;houtui
<LI><a href="#[6e]">&gt;&gt;</a>&nbsp;&nbsp;&nbsp;stop
<LI><a href="#[6d]">&gt;&gt;</a>&nbsp;&nbsp;&nbsp;delay_us
</UL>
<BR>[Called By]<UL><LI><a href="#[a9]">&gt;&gt;</a>&nbsp;&nbsp;&nbsp;b_f1
<LI><a href="#[a8]">&gt;&gt;</a>&nbsp;&nbsp;&nbsp;b1_m
<LI><a href="#[a7]">&gt;&gt;</a>&nbsp;&nbsp;&nbsp;b1_g
<LI><a href="#[a6]">&gt;&gt;</a>&nbsp;&nbsp;&nbsp;b1_f1
<LI><a href="#[a5]">&gt;&gt;</a>&nbsp;&nbsp;&nbsp;b1_f
<LI><a href="#[a4]">&gt;&gt;</a>&nbsp;&nbsp;&nbsp;b1_e
<LI><a href="#[a3]">&gt;&gt;</a>&nbsp;&nbsp;&nbsp;b1_a
<LI><a href="#[a2]">&gt;&gt;</a>&nbsp;&nbsp;&nbsp;a_h1
<LI><a href="#[a1]">&gt;&gt;</a>&nbsp;&nbsp;&nbsp;a_g
<LI><a href="#[a0]">&gt;&gt;</a>&nbsp;&nbsp;&nbsp;a_f1
<LI><a href="#[9f]">&gt;&gt;</a>&nbsp;&nbsp;&nbsp;a_f
<LI><a href="#[9e]">&gt;&gt;</a>&nbsp;&nbsp;&nbsp;a_d1
<LI><a href="#[9d]">&gt;&gt;</a>&nbsp;&nbsp;&nbsp;a_c1
<LI><a href="#[9c]">&gt;&gt;</a>&nbsp;&nbsp;&nbsp;a_b1
<LI><a href="#[99]">&gt;&gt;</a>&nbsp;&nbsp;&nbsp;a1_m
<LI><a href="#[98]">&gt;&gt;</a>&nbsp;&nbsp;&nbsp;a1_g
<LI><a href="#[97]">&gt;&gt;</a>&nbsp;&nbsp;&nbsp;a1_f1
<LI><a href="#[90]">&gt;&gt;</a>&nbsp;&nbsp;&nbsp;a1_e
<LI><a href="#[e9]">&gt;&gt;</a>&nbsp;&nbsp;&nbsp;h1_e
<LI><a href="#[e8]">&gt;&gt;</a>&nbsp;&nbsp;&nbsp;h1_d
<LI><a href="#[e7]">&gt;&gt;</a>&nbsp;&nbsp;&nbsp;h1_c
<LI><a href="#[e6]">&gt;&gt;</a>&nbsp;&nbsp;&nbsp;h1_b
<LI><a href="#[e5]">&gt;&gt;</a>&nbsp;&nbsp;&nbsp;h1_a
<LI><a href="#[b1]">&gt;&gt;</a>&nbsp;&nbsp;&nbsp;g_e1
<LI><a href="#[af]">&gt;&gt;</a>&nbsp;&nbsp;&nbsp;g_e
<LI><a href="#[e3]">&gt;&gt;</a>&nbsp;&nbsp;&nbsp;g_a1
<LI><a href="#[e2]">&gt;&gt;</a>&nbsp;&nbsp;&nbsp;g_a
<LI><a href="#[dd]">&gt;&gt;</a>&nbsp;&nbsp;&nbsp;f_e1
<LI><a href="#[dc]">&gt;&gt;</a>&nbsp;&nbsp;&nbsp;f_e
<LI><a href="#[be]">&gt;&gt;</a>&nbsp;&nbsp;&nbsp;f_a1
<LI><a href="#[bc]">&gt;&gt;</a>&nbsp;&nbsp;&nbsp;f_a
<LI><a href="#[db]">&gt;&gt;</a>&nbsp;&nbsp;&nbsp;f1_e1
<LI><a href="#[da]">&gt;&gt;</a>&nbsp;&nbsp;&nbsp;f1_d1
<LI><a href="#[d9]">&gt;&gt;</a>&nbsp;&nbsp;&nbsp;f1_c1
<LI><a href="#[d8]">&gt;&gt;</a>&nbsp;&nbsp;&nbsp;f1_b1
<LI><a href="#[d7]">&gt;&gt;</a>&nbsp;&nbsp;&nbsp;f1_a1
<LI><a href="#[d6]">&gt;&gt;</a>&nbsp;&nbsp;&nbsp;e_h1
<LI><a href="#[d5]">&gt;&gt;</a>&nbsp;&nbsp;&nbsp;e_f1
<LI><a href="#[bb]">&gt;&gt;</a>&nbsp;&nbsp;&nbsp;e_f
<LI><a href="#[c0]">&gt;&gt;</a>&nbsp;&nbsp;&nbsp;e_d1
<LI><a href="#[b3]">&gt;&gt;</a>&nbsp;&nbsp;&nbsp;e_c1
<LI><a href="#[b5]">&gt;&gt;</a>&nbsp;&nbsp;&nbsp;e_b1
<LI><a href="#[b0]">&gt;&gt;</a>&nbsp;&nbsp;&nbsp;e_a1
<LI><a href="#[b2]">&gt;&gt;</a>&nbsp;&nbsp;&nbsp;e1_m
<LI><a href="#[d4]">&gt;&gt;</a>&nbsp;&nbsp;&nbsp;e1_g
<LI><a href="#[d3]">&gt;&gt;</a>&nbsp;&nbsp;&nbsp;e1_f1
<LI><a href="#[d2]">&gt;&gt;</a>&nbsp;&nbsp;&nbsp;d_h1
<LI><a href="#[d1]">&gt;&gt;</a>&nbsp;&nbsp;&nbsp;d_f1
<LI><a href="#[d0]">&gt;&gt;</a>&nbsp;&nbsp;&nbsp;d1_m
<LI><a href="#[c2]">&gt;&gt;</a>&nbsp;&nbsp;&nbsp;d1_g
<LI><a href="#[cf]">&gt;&gt;</a>&nbsp;&nbsp;&nbsp;d1_f1
<LI><a href="#[bd]">&gt;&gt;</a>&nbsp;&nbsp;&nbsp;d1_f
<LI><a href="#[ce]">&gt;&gt;</a>&nbsp;&nbsp;&nbsp;d1_e
<LI><a href="#[ad]">&gt;&gt;</a>&nbsp;&nbsp;&nbsp;d1_a
<LI><a href="#[c7]">&gt;&gt;</a>&nbsp;&nbsp;&nbsp;c_h1
<LI><a href="#[ba]">&gt;&gt;</a>&nbsp;&nbsp;&nbsp;c_g
<LI><a href="#[c6]">&gt;&gt;</a>&nbsp;&nbsp;&nbsp;c_f1
<LI><a href="#[ac]">&gt;&gt;</a>&nbsp;&nbsp;&nbsp;c_d1
<LI><a href="#[c4]">&gt;&gt;</a>&nbsp;&nbsp;&nbsp;c_b1
<LI><a href="#[b7]">&gt;&gt;</a>&nbsp;&nbsp;&nbsp;c1_m
<LI><a href="#[b4]">&gt;&gt;</a>&nbsp;&nbsp;&nbsp;c1_g
<LI><a href="#[c3]">&gt;&gt;</a>&nbsp;&nbsp;&nbsp;c1_f1
<LI><a href="#[bf]">&gt;&gt;</a>&nbsp;&nbsp;&nbsp;c1_f
<LI><a href="#[b8]">&gt;&gt;</a>&nbsp;&nbsp;&nbsp;c1_e
<LI><a href="#[c1]">&gt;&gt;</a>&nbsp;&nbsp;&nbsp;c1_a
<LI><a href="#[aa]">&gt;&gt;</a>&nbsp;&nbsp;&nbsp;b_h1
</UL>

<P><STRONG><a name="[6c]"></a>turn_left</STRONG> (Thumb, 20 bytes, Stack size 8 bytes, move.o(i.turn_left))
<BR><BR>[Stack]<UL><LI>Max Depth = 24<LI>Call Chain = turn_left &rArr; Rightsudu
</UL>
<BR>[Calls]<UL><LI><a href="#[75]">&gt;&gt;</a>&nbsp;&nbsp;&nbsp;Rightsudu
<LI><a href="#[6f]">&gt;&gt;</a>&nbsp;&nbsp;&nbsp;Leftsudu
</UL>
<BR>[Called By]<UL><LI><a href="#[92]">&gt;&gt;</a>&nbsp;&nbsp;&nbsp;turn_180
<LI><a href="#[6b]">&gt;&gt;</a>&nbsp;&nbsp;&nbsp;L_zhuanwan
</UL>

<P><STRONG><a name="[74]"></a>turn_right</STRONG> (Thumb, 20 bytes, Stack size 8 bytes, move.o(i.turn_right))
<BR><BR>[Stack]<UL><LI>Max Depth = 24<LI>Call Chain = turn_right &rArr; Rightsudu
</UL>
<BR>[Calls]<UL><LI><a href="#[75]">&gt;&gt;</a>&nbsp;&nbsp;&nbsp;Rightsudu
<LI><a href="#[6f]">&gt;&gt;</a>&nbsp;&nbsp;&nbsp;Leftsudu
</UL>
<BR>[Called By]<UL><LI><a href="#[73]">&gt;&gt;</a>&nbsp;&nbsp;&nbsp;R_zhuanwan1
</UL>

<P><STRONG><a name="[102]"></a>wh1</STRONG> (Thumb, 450 bytes, Stack size 8 bytes, color.o(i.wh1))
<BR><BR>[Stack]<UL><LI>Max Depth = 108<LI>Call Chain = wh1 &rArr; color &rArr; color3 &rArr; TCS230_Distinguish2 &rArr; TCS230_Read_Num2 &rArr; TCS230_Start2 &rArr; EXTI_PG2_Config_on &rArr; GPIO_EXTILineConfig
</UL>
<BR>[Calls]<UL><LI><a href="#[a3]">&gt;&gt;</a>&nbsp;&nbsp;&nbsp;b1_a
<LI><a href="#[a1]">&gt;&gt;</a>&nbsp;&nbsp;&nbsp;a_g
<LI><a href="#[9e]">&gt;&gt;</a>&nbsp;&nbsp;&nbsp;a_d1
<LI><a href="#[9d]">&gt;&gt;</a>&nbsp;&nbsp;&nbsp;a_c1
<LI><a href="#[9a]">&gt;&gt;</a>&nbsp;&nbsp;&nbsp;a_a1
<LI><a href="#[99]">&gt;&gt;</a>&nbsp;&nbsp;&nbsp;a1_m
<LI><a href="#[98]">&gt;&gt;</a>&nbsp;&nbsp;&nbsp;a1_g
<LI><a href="#[90]">&gt;&gt;</a>&nbsp;&nbsp;&nbsp;a1_e
<LI><a href="#[b1]">&gt;&gt;</a>&nbsp;&nbsp;&nbsp;g_e1
<LI><a href="#[af]">&gt;&gt;</a>&nbsp;&nbsp;&nbsp;g_e
<LI><a href="#[b6]">&gt;&gt;</a>&nbsp;&nbsp;&nbsp;e_e1
<LI><a href="#[c0]">&gt;&gt;</a>&nbsp;&nbsp;&nbsp;e_d1
<LI><a href="#[b3]">&gt;&gt;</a>&nbsp;&nbsp;&nbsp;e_c1
<LI><a href="#[b0]">&gt;&gt;</a>&nbsp;&nbsp;&nbsp;e_a1
<LI><a href="#[b2]">&gt;&gt;</a>&nbsp;&nbsp;&nbsp;e1_m
<LI><a href="#[d0]">&gt;&gt;</a>&nbsp;&nbsp;&nbsp;d1_m
<LI><a href="#[c2]">&gt;&gt;</a>&nbsp;&nbsp;&nbsp;d1_g
<LI><a href="#[ce]">&gt;&gt;</a>&nbsp;&nbsp;&nbsp;d1_e
<LI><a href="#[ae]">&gt;&gt;</a>&nbsp;&nbsp;&nbsp;color
<LI><a href="#[c4]">&gt;&gt;</a>&nbsp;&nbsp;&nbsp;c_b1
<LI><a href="#[b7]">&gt;&gt;</a>&nbsp;&nbsp;&nbsp;c1_m
<LI><a href="#[b4]">&gt;&gt;</a>&nbsp;&nbsp;&nbsp;c1_g
<LI><a href="#[b8]">&gt;&gt;</a>&nbsp;&nbsp;&nbsp;c1_e
</UL>
<BR>[Called By]<UL><LI><a href="#[fd]">&gt;&gt;</a>&nbsp;&nbsp;&nbsp;renwu1
</UL>

<P><STRONG><a name="[96]"></a>zhuaqu_huidu</STRONG> (Thumb, 42 bytes, Stack size 8 bytes, move.o(i.zhuaqu_huidu))
<BR><BR>[Stack]<UL><LI>Max Depth = 32<LI>Call Chain = zhuaqu_huidu &rArr; stop &rArr; Rightsudu
</UL>
<BR>[Calls]<UL><LI><a href="#[100]">&gt;&gt;</a>&nbsp;&nbsp;&nbsp;scan
<LI><a href="#[6e]">&gt;&gt;</a>&nbsp;&nbsp;&nbsp;stop
<LI><a href="#[fc]">&gt;&gt;</a>&nbsp;&nbsp;&nbsp;qianjin_xunji
<LI><a href="#[94]">&gt;&gt;</a>&nbsp;&nbsp;&nbsp;qianjin
<LI><a href="#[6d]">&gt;&gt;</a>&nbsp;&nbsp;&nbsp;delay_us
</UL>
<BR>[Called By]<UL><LI><a href="#[a9]">&gt;&gt;</a>&nbsp;&nbsp;&nbsp;b_f1
<LI><a href="#[a7]">&gt;&gt;</a>&nbsp;&nbsp;&nbsp;b1_g
<LI><a href="#[a6]">&gt;&gt;</a>&nbsp;&nbsp;&nbsp;b1_f1
<LI><a href="#[a5]">&gt;&gt;</a>&nbsp;&nbsp;&nbsp;b1_f
<LI><a href="#[a4]">&gt;&gt;</a>&nbsp;&nbsp;&nbsp;b1_e
<LI><a href="#[a3]">&gt;&gt;</a>&nbsp;&nbsp;&nbsp;b1_a
<LI><a href="#[a2]">&gt;&gt;</a>&nbsp;&nbsp;&nbsp;a_h1
<LI><a href="#[a1]">&gt;&gt;</a>&nbsp;&nbsp;&nbsp;a_g
<LI><a href="#[a0]">&gt;&gt;</a>&nbsp;&nbsp;&nbsp;a_f1
<LI><a href="#[9f]">&gt;&gt;</a>&nbsp;&nbsp;&nbsp;a_f
<LI><a href="#[9e]">&gt;&gt;</a>&nbsp;&nbsp;&nbsp;a_d1
<LI><a href="#[9d]">&gt;&gt;</a>&nbsp;&nbsp;&nbsp;a_c1
<LI><a href="#[9c]">&gt;&gt;</a>&nbsp;&nbsp;&nbsp;a_b1
<LI><a href="#[9a]">&gt;&gt;</a>&nbsp;&nbsp;&nbsp;a_a1
<LI><a href="#[98]">&gt;&gt;</a>&nbsp;&nbsp;&nbsp;a1_g
<LI><a href="#[97]">&gt;&gt;</a>&nbsp;&nbsp;&nbsp;a1_f1
<LI><a href="#[90]">&gt;&gt;</a>&nbsp;&nbsp;&nbsp;a1_e
<LI><a href="#[46]">&gt;&gt;</a>&nbsp;&nbsp;&nbsp;main
<LI><a href="#[e9]">&gt;&gt;</a>&nbsp;&nbsp;&nbsp;h1_e
<LI><a href="#[e8]">&gt;&gt;</a>&nbsp;&nbsp;&nbsp;h1_d
<LI><a href="#[e7]">&gt;&gt;</a>&nbsp;&nbsp;&nbsp;h1_c
<LI><a href="#[e6]">&gt;&gt;</a>&nbsp;&nbsp;&nbsp;h1_b
<LI><a href="#[e5]">&gt;&gt;</a>&nbsp;&nbsp;&nbsp;h1_a
<LI><a href="#[b1]">&gt;&gt;</a>&nbsp;&nbsp;&nbsp;g_e1
<LI><a href="#[af]">&gt;&gt;</a>&nbsp;&nbsp;&nbsp;g_e
<LI><a href="#[e3]">&gt;&gt;</a>&nbsp;&nbsp;&nbsp;g_a1
<LI><a href="#[e2]">&gt;&gt;</a>&nbsp;&nbsp;&nbsp;g_a
<LI><a href="#[dd]">&gt;&gt;</a>&nbsp;&nbsp;&nbsp;f_e1
<LI><a href="#[dc]">&gt;&gt;</a>&nbsp;&nbsp;&nbsp;f_e
<LI><a href="#[be]">&gt;&gt;</a>&nbsp;&nbsp;&nbsp;f_a1
<LI><a href="#[bc]">&gt;&gt;</a>&nbsp;&nbsp;&nbsp;f_a
<LI><a href="#[db]">&gt;&gt;</a>&nbsp;&nbsp;&nbsp;f1_e1
<LI><a href="#[da]">&gt;&gt;</a>&nbsp;&nbsp;&nbsp;f1_d1
<LI><a href="#[d9]">&gt;&gt;</a>&nbsp;&nbsp;&nbsp;f1_c1
<LI><a href="#[d8]">&gt;&gt;</a>&nbsp;&nbsp;&nbsp;f1_b1
<LI><a href="#[d7]">&gt;&gt;</a>&nbsp;&nbsp;&nbsp;f1_a1
<LI><a href="#[d6]">&gt;&gt;</a>&nbsp;&nbsp;&nbsp;e_h1
<LI><a href="#[d5]">&gt;&gt;</a>&nbsp;&nbsp;&nbsp;e_f1
<LI><a href="#[bb]">&gt;&gt;</a>&nbsp;&nbsp;&nbsp;e_f
<LI><a href="#[b6]">&gt;&gt;</a>&nbsp;&nbsp;&nbsp;e_e1
<LI><a href="#[c0]">&gt;&gt;</a>&nbsp;&nbsp;&nbsp;e_d1
<LI><a href="#[b3]">&gt;&gt;</a>&nbsp;&nbsp;&nbsp;e_c1
<LI><a href="#[b5]">&gt;&gt;</a>&nbsp;&nbsp;&nbsp;e_b1
<LI><a href="#[b0]">&gt;&gt;</a>&nbsp;&nbsp;&nbsp;e_a1
<LI><a href="#[d4]">&gt;&gt;</a>&nbsp;&nbsp;&nbsp;e1_g
<LI><a href="#[d3]">&gt;&gt;</a>&nbsp;&nbsp;&nbsp;e1_f1
<LI><a href="#[d2]">&gt;&gt;</a>&nbsp;&nbsp;&nbsp;d_h1
<LI><a href="#[d1]">&gt;&gt;</a>&nbsp;&nbsp;&nbsp;d_f1
<LI><a href="#[c2]">&gt;&gt;</a>&nbsp;&nbsp;&nbsp;d1_g
<LI><a href="#[cf]">&gt;&gt;</a>&nbsp;&nbsp;&nbsp;d1_f1
<LI><a href="#[bd]">&gt;&gt;</a>&nbsp;&nbsp;&nbsp;d1_f
<LI><a href="#[ce]">&gt;&gt;</a>&nbsp;&nbsp;&nbsp;d1_e
<LI><a href="#[ad]">&gt;&gt;</a>&nbsp;&nbsp;&nbsp;d1_a
<LI><a href="#[c7]">&gt;&gt;</a>&nbsp;&nbsp;&nbsp;c_h1
<LI><a href="#[ba]">&gt;&gt;</a>&nbsp;&nbsp;&nbsp;c_g
<LI><a href="#[c6]">&gt;&gt;</a>&nbsp;&nbsp;&nbsp;c_f1
<LI><a href="#[ac]">&gt;&gt;</a>&nbsp;&nbsp;&nbsp;c_d1
<LI><a href="#[c5]">&gt;&gt;</a>&nbsp;&nbsp;&nbsp;c_c1
<LI><a href="#[c4]">&gt;&gt;</a>&nbsp;&nbsp;&nbsp;c_b1
<LI><a href="#[b4]">&gt;&gt;</a>&nbsp;&nbsp;&nbsp;c1_g
<LI><a href="#[c3]">&gt;&gt;</a>&nbsp;&nbsp;&nbsp;c1_f1
<LI><a href="#[bf]">&gt;&gt;</a>&nbsp;&nbsp;&nbsp;c1_f
<LI><a href="#[b8]">&gt;&gt;</a>&nbsp;&nbsp;&nbsp;c1_e
<LI><a href="#[c1]">&gt;&gt;</a>&nbsp;&nbsp;&nbsp;c1_a
<LI><a href="#[aa]">&gt;&gt;</a>&nbsp;&nbsp;&nbsp;b_h1
</UL>
<P>
<H3>
Local Symbols
</H3>
<P><STRONG><a name="[7a]"></a>SetSysClock</STRONG> (Thumb, 8 bytes, Stack size 8 bytes, system_stm32f10x.o(i.SetSysClock))
<BR><BR>[Stack]<UL><LI>Max Depth = 20<LI>Call Chain = SetSysClock &rArr; SetSysClockTo72
</UL>
<BR>[Calls]<UL><LI><a href="#[7b]">&gt;&gt;</a>&nbsp;&nbsp;&nbsp;SetSysClockTo72
</UL>
<BR>[Called By]<UL><LI><a href="#[47]">&gt;&gt;</a>&nbsp;&nbsp;&nbsp;SystemInit
</UL>

<P><STRONG><a name="[7b]"></a>SetSysClockTo72</STRONG> (Thumb, 214 bytes, Stack size 12 bytes, system_stm32f10x.o(i.SetSysClockTo72))
<BR><BR>[Stack]<UL><LI>Max Depth = 12<LI>Call Chain = SetSysClockTo72
</UL>
<BR>[Called By]<UL><LI><a href="#[7a]">&gt;&gt;</a>&nbsp;&nbsp;&nbsp;SetSysClock
</UL>

<P><STRONG><a name="[66]"></a>GENERAL_TIM_GPIO_Config</STRONG> (Thumb, 106 bytes, Stack size 8 bytes, bsp_generaltim.o(i.GENERAL_TIM_GPIO_Config))
<BR><BR>[Stack]<UL><LI>Max Depth = 32<LI>Call Chain = GENERAL_TIM_GPIO_Config &rArr; GPIO_Init
</UL>
<BR>[Calls]<UL><LI><a href="#[4f]">&gt;&gt;</a>&nbsp;&nbsp;&nbsp;GPIO_Init
<LI><a href="#[4e]">&gt;&gt;</a>&nbsp;&nbsp;&nbsp;RCC_APB2PeriphClockCmd
</UL>
<BR>[Called By]<UL><LI><a href="#[67]">&gt;&gt;</a>&nbsp;&nbsp;&nbsp;GENERAL_TIM_Init
</UL>

<P><STRONG><a name="[68]"></a>GENERAL_TIM_Mode_Config</STRONG> (Thumb, 144 bytes, Stack size 48 bytes, bsp_generaltim.o(i.GENERAL_TIM_Mode_Config))
<BR><BR>[Stack]<UL><LI>Max Depth = 64<LI>Call Chain = GENERAL_TIM_Mode_Config &rArr; TIM_OC4Init
</UL>
<BR>[Calls]<UL><LI><a href="#[5d]">&gt;&gt;</a>&nbsp;&nbsp;&nbsp;RCC_APB1PeriphClockCmd
<LI><a href="#[5e]">&gt;&gt;</a>&nbsp;&nbsp;&nbsp;TIM_TimeBaseInit
<LI><a href="#[64]">&gt;&gt;</a>&nbsp;&nbsp;&nbsp;TIM_OC4PreloadConfig
<LI><a href="#[63]">&gt;&gt;</a>&nbsp;&nbsp;&nbsp;TIM_OC4Init
<LI><a href="#[62]">&gt;&gt;</a>&nbsp;&nbsp;&nbsp;TIM_OC3PreloadConfig
<LI><a href="#[61]">&gt;&gt;</a>&nbsp;&nbsp;&nbsp;TIM_OC3Init
<LI><a href="#[6a]">&gt;&gt;</a>&nbsp;&nbsp;&nbsp;TIM_OC2PreloadConfig
<LI><a href="#[69]">&gt;&gt;</a>&nbsp;&nbsp;&nbsp;TIM_OC2Init
<LI><a href="#[65]">&gt;&gt;</a>&nbsp;&nbsp;&nbsp;TIM_Cmd
</UL>
<BR>[Called By]<UL><LI><a href="#[67]">&gt;&gt;</a>&nbsp;&nbsp;&nbsp;GENERAL_TIM_Init
</UL>

<P><STRONG><a name="[5a]"></a>GENERAL_TIM4_GPIO_Config</STRONG> (Thumb, 144 bytes, Stack size 8 bytes, tim.o(i.GENERAL_TIM4_GPIO_Config))
<BR><BR>[Stack]<UL><LI>Max Depth = 32<LI>Call Chain = GENERAL_TIM4_GPIO_Config &rArr; GPIO_Init
</UL>
<BR>[Calls]<UL><LI><a href="#[4f]">&gt;&gt;</a>&nbsp;&nbsp;&nbsp;GPIO_Init
<LI><a href="#[4e]">&gt;&gt;</a>&nbsp;&nbsp;&nbsp;RCC_APB2PeriphClockCmd
</UL>
<BR>[Called By]<UL><LI><a href="#[5b]">&gt;&gt;</a>&nbsp;&nbsp;&nbsp;GENERAL_TIM4_Init
</UL>

<P><STRONG><a name="[5c]"></a>GENERAL_TIM4_Mode_Config</STRONG> (Thumb, 208 bytes, Stack size 64 bytes, tim.o(i.GENERAL_TIM4_Mode_Config))
<BR><BR>[Stack]<UL><LI>Max Depth = 80<LI>Call Chain = GENERAL_TIM4_Mode_Config &rArr; TIM_OC4Init
</UL>
<BR>[Calls]<UL><LI><a href="#[5d]">&gt;&gt;</a>&nbsp;&nbsp;&nbsp;RCC_APB1PeriphClockCmd
<LI><a href="#[5e]">&gt;&gt;</a>&nbsp;&nbsp;&nbsp;TIM_TimeBaseInit
<LI><a href="#[64]">&gt;&gt;</a>&nbsp;&nbsp;&nbsp;TIM_OC4PreloadConfig
<LI><a href="#[63]">&gt;&gt;</a>&nbsp;&nbsp;&nbsp;TIM_OC4Init
<LI><a href="#[62]">&gt;&gt;</a>&nbsp;&nbsp;&nbsp;TIM_OC3PreloadConfig
<LI><a href="#[61]">&gt;&gt;</a>&nbsp;&nbsp;&nbsp;TIM_OC3Init
<LI><a href="#[60]">&gt;&gt;</a>&nbsp;&nbsp;&nbsp;TIM_OC1PreloadConfig
<LI><a href="#[5f]">&gt;&gt;</a>&nbsp;&nbsp;&nbsp;TIM_OC1Init
<LI><a href="#[65]">&gt;&gt;</a>&nbsp;&nbsp;&nbsp;TIM_Cmd
</UL>
<BR>[Called By]<UL><LI><a href="#[5b]">&gt;&gt;</a>&nbsp;&nbsp;&nbsp;GENERAL_TIM4_Init
</UL>

<P><STRONG><a name="[8e]"></a>_printf_core</STRONG> (Thumb, 336 bytes, Stack size 88 bytes, printf1.o(i._printf_core), UNUSED)
<BR><BR>[Calls]<UL><LI><a href="#[8f]">&gt;&gt;</a>&nbsp;&nbsp;&nbsp;__aeabi_uidivmod
</UL>
<BR>[Called By]<UL><LI><a href="#[8d]">&gt;&gt;</a>&nbsp;&nbsp;&nbsp;__0printf$1
</UL>
<P>
<H3>
Undefined Global Symbols
</H3><HR></body></html>
