C51 COMPILER V9.54   JUZHEN                                                                12/24/2018 11:49:57 PAGE 1   


C51 COMPILER V9.54, COMPILATION OF MODULE JUZHEN
OBJECT MODULE PLACED IN .\Objects\juzhen.obj
COMPILER INVOKED BY: F:\keil\C51\BIN\C51.EXE juzhen.c OPTIMIZE(8,SPEED) BROWSE DEBUG OBJECTEXTEND PRINT(.\Listings\juzhe
                    -n.lst) TABS(2) OBJECT(.\Objects\juzhen.obj)

line level    source

   1          #include <reg52.h>
   2          
   3          sbit KEY_IN_1  = P2^4;
   4          sbit KEY_IN_2  = P2^5;
   5          sbit KEY_IN_3  = P2^6;
   6          
   7          sbit KEY_OUT_1 = P2^3;
   8          sbit KEY_OUT_2 = P2^2;
   9          sbit KEY_OUT_3 = P2^1;
  10          sbit A1 = P0^0;
  11          sbit B1 = P0^1;
  12          sbit C1 = P0^2;
  13          
  14          sbit B0 = P3^3;
  15          
  16          unsigned D[8]={0,1,0,1,0,1,0,1};
  17          unsigned E[8]={0,0,1,1,0,0,1,1};
  18          unsigned F[8]={0,0,0,0,1,1,1,1};
  19          
  20          
  21          unsigned char KeySta[3][3] = {{1, 1, 1},{1, 1, 1},{1, 1, 1}};
  22          //unsigned HC138[8]={0x00,0x80,0x40,0xC0,0x20,0xA0,0x60,0xE0};
  23          unsigned char cnt = 0;
  24          
  25          
  26          //void shaomiao();
  27          void delay(void);
  28          main()
  29          {
  30   1          unsigned char i, j;
  31   1          unsigned char backup[3][3] = {{1, 1, 1},{1, 1, 1},{1, 1, 1}};
  32   1        
  33   1          KEY_IN_1 = 1;
  34   1          KEY_IN_2 = 1;
  35   1          KEY_IN_3 = 1;
  36   1        
  37   1          KEY_OUT_1 =1;
  38   1          KEY_OUT_2 =1;
  39   1          KEY_OUT_3 =1;
  40   1          B0 = 0;
  41   1          while (1)
  42   1          {
  43   2            //shaomiao();
  44   2             KEY_OUT_1 = 0;
  45   2             KEY_OUT_2 = 1;
  46   2             KEY_OUT_3 = 1;
  47   2             if(KEY_IN_1 == 0){KeySta[0][0]=0; delay();}
  48   2             else if(KEY_IN_2 == 0){KeySta[0][1]=0; delay();}
  49   2             else if(KEY_IN_3 == 0){KeySta[0][2]=0; delay();}
  50   2             
  51   2              for (i=0; i<3; i++)  
  52   2              {
  53   3                  for (j=0; j<3; j++)
  54   3                  {
C51 COMPILER V9.54   JUZHEN                                                                12/24/2018 11:49:57 PAGE 2   

  55   4                    
  56   4                      if (backup[i][j] != KeySta[i][j])  
  57   4                      {
  58   5                      
  59   5                        //if(cnt%2 == 0)
  60   5                      //  {
  61   5                          if (backup[i][j] != 0)         
  62   5                          {
  63   6                                   A1=D[i*3+j];
  64   6                                   B1=E[i*3+j];
  65   6                                   C1=F[i*3+j];
  66   6                          }
  67   5                        //}  
  68   5                      /*  if(cnt%2 != 0)
  69   5                        {
  70   5                          B0 = 1;
  71   5                        }
  72   5                          cnt++;  */
  73   5                      }
  74   4                  }
  75   3              }
  76   2          }
  77   1      }
  78              /*
  79          void shaomiao()
  80          {
  81                 KEY_OUT_1 = 0;
  82                 KEY_OUT_2 = 1;
  83                 KEY_OUT_3 = 1;
  84                 if(KEY_IN_1 == 0){KeySta[0][0]=0; delay();}
  85                 else if(KEY_IN_2 == 0){KeySta[0][1]=0; delay();}
  86                 else if(KEY_IN_3 == 0){KeySta[0][2]=0; delay();}
  87                 
  88                 KEY_OUT_1 = 1;
  89                 KEY_OUT_2 = 0;
  90                 KEY_OUT_3 = 1;
  91                 
  92                 if(KEY_IN_1 == 0){KeySta[1][0]=0; delay();}
  93                 else if(KEY_IN_2 == 0){KeySta[1][1]=0; delay();}
  94                 else if(KEY_IN_3 == 0){KeySta[1][2]=0; delay();}
  95              
  96                 KEY_OUT_1 = 1;
  97                 KEY_OUT_2 = 1;
  98                 KEY_OUT_3 = 0;
  99                 if(KEY_IN_1 == 0){KeySta[2][0]=0;delay();}
 100                 else if(KEY_IN_2 == 0){KeySta[2][1]=0; delay();}
 101                 else if(KEY_IN_3 == 0){KeySta[2][2]=0; delay();}
 102          }
 103          */
 104          void delay(void)
 105          {
 106   1        int i;
 107   1        for(i=0;i<1000;i++);
 108   1      }


MODULE INFORMATION:   STATIC OVERLAYABLE
   CODE SIZE        =    183    ----
   CONSTANT SIZE    =      9    ----
   XDATA SIZE       =   ----    ----
   PDATA SIZE       =   ----    ----
   DATA SIZE        =     58      10
C51 COMPILER V9.54   JUZHEN                                                                12/24/2018 11:49:57 PAGE 3   

   IDATA SIZE       =   ----    ----
   BIT SIZE         =   ----    ----
END OF MODULE INFORMATION.


C51 COMPILATION COMPLETE.  0 WARNING(S),  0 ERROR(S)
